#
# There is insufficient memory for the Java Runtime Environment to continue.
# Native memory allocation (malloc) failed to allocate 1553016 bytes. Error detail: Chunk::new
# Possible reasons:
#   The system is out of physical RAM or swap space
#   This process is running with CompressedOops enabled, and the Java Heap may be blocking the growth of the native heap
# Possible solutions:
#   Reduce memory load on the system
#   Increase physical memory or swap space
#   Check if swap backing store is full
#   Decrease Java heap size (-Xmx/-Xms)
#   Decrease number of Java threads
#   Decrease Java thread stack sizes (-Xss)
#   Set larger code cache with -XX:ReservedCodeCacheSize=
#   JVM is running with Zero Based Compressed Oops mode in which the Java heap is
#     placed in the first 32GB address space. The Java Heap base address is the
#     maximum limit for the native heap growth. Please use -XX:HeapBaseMinAddress
#     to set the Java Heap base and to place the Java Heap above 32GB virtual address.
# This output file may be truncated or incomplete.
#
#  Out of Memory Error (arena.cpp:186), pid=61592, tid=17320
#
# JRE version: Java(TM) SE Runtime Environment (25.0.2+10) (build 25.0.2+10-LTS-69)
# Java VM: Java HotSpot(TM) 64-Bit Server VM (25.0.2+10-LTS-69, mixed mode, sharing, tiered, compressed oops, compressed class ptrs, g1 gc, windows-amd64)
# No core dump will be written. Minidumps are not enabled by default on client versions of Windows
#

---------------  S U M M A R Y ------------

Command Line: usuario-service\build\libs\usuario-service-0.0.1-SNAPSHOT.jar

Host: 11th Gen Intel(R) Core(TM) i5-1135G7 @ 2.40GHz, 8 cores, 23G,  Windows 11 , 64 bit Build 26100 (10.0.26100.9168)
Time: Tue Sep  8 20:01:02 2026 Hora verano Sudamérica Pacífico elapsed time: 37.523575 seconds (0d 0h 0m 37s)

---------------  T H R E A D  ---------------

Current thread (0x000001fc97919a30):  JavaThread "C2 CompilerThread1" daemon [_thread_in_native, id=17320, stack(0x0000002169900000,0x0000002169a00000) (1024K)]


Current CompileTask:
C2:37524 6179   !   4       org.springframework.core.annotation.AnnotationsScanner::processMethodHierarchy (276 bytes)

Stack: [0x0000002169900000,0x0000002169a00000]
Native frames: (J=compiled Java code, j=interpreted, Vv=VM code, C=native code)
V  [jvm.dll+0x7a70f9]  (no source info available)
V  [jvm.dll+0x772d6d]  (no source info available)
V  [jvm.dll+0x965d53]  (no source info available)
V  [jvm.dll+0x968351]  (no source info available)
V  [jvm.dll+0x968a63]  (no source info available)
V  [jvm.dll+0x2fc846]  (no source info available)
V  [jvm.dll+0x111b16]  (no source info available)
V  [jvm.dll+0x111e3e]  (no source info available)
V  [jvm.dll+0x45276d]  (no source info available)
V  [jvm.dll+0x421aa2]  (no source info available)
V  [jvm.dll+0x420eba]  (no source info available)
V  [jvm.dll+0x2c0979]  (no source info available)
V  [jvm.dll+0x2bfb5f]  (no source info available)
V  [jvm.dll+0x2379a0]  (no source info available)
V  [jvm.dll+0x2cfc86]  (no source info available)
V  [jvm.dll+0x2cdf05]  (no source info available)
V  [jvm.dll+0x48e9d1]  (no source info available)
V  [jvm.dll+0x906fcd]  (no source info available)
V  [jvm.dll+0x7a56d5]  (no source info available)
C  [ucrtbase.dll+0x2cd30]  (no source info available)
C  [KERNEL32.DLL+0x2ccb7]  (no source info available)
C  [ntdll.dll+0xaad6c]  (no source info available)

Lock stack of current Java thread (top to bottom):


---------------  P R O C E S S  ---------------

Threads class SMR info:
_java_thread_list=0x000001fc9659bfd0, length=18, elements={
0x000001fcef495a30, 0x000001fcffaa32d0, 0x000001fcffaa3e90, 0x000001fcffaa5580,
0x000001fcffaa7eb0, 0x000001fcffaabd70, 0x000001fcffaa9e30, 0x000001fcffab33d0,
0x000001fcffac4740, 0x000001fcffaa9660, 0x000001fcffaab5a0, 0x000001fc912ba810,
0x000001fc913da100, 0x000001fc913d9160, 0x000001fc913d81c0, 0x000001fc912bee60,
0x000001fc913d6280, 0x000001fc97919a30
}

Java Threads: ( => current thread )
  0x000001fcef495a30 JavaThread "main"                              [_thread_in_Java, id=32344, stack(0x0000002169a00000,0x0000002169b00000) (1024K)]
  0x000001fcffaa32d0 JavaThread "Reference Handler"          daemon [_thread_blocked, id=55316, stack(0x000000216a200000,0x000000216a300000) (1024K)]
  0x000001fcffaa3e90 JavaThread "Finalizer"                  daemon [_thread_blocked, id=59340, stack(0x000000216a300000,0x000000216a400000) (1024K)]
  0x000001fcffaa5580 JavaThread "Signal Dispatcher"          daemon [_thread_blocked, id=61952, stack(0x000000216a400000,0x000000216a500000) (1024K)]
  0x000001fcffaa7eb0 JavaThread "Attach Listener"            daemon [_thread_blocked, id=52904, stack(0x000000216a500000,0x000000216a600000) (1024K)]
  0x000001fcffaabd70 JavaThread "Service Thread"             daemon [_thread_blocked, id=3368, stack(0x000000216a600000,0x000000216a700000) (1024K)]
  0x000001fcffaa9e30 JavaThread "Monitor Deflation Thread"   daemon [_thread_blocked, id=32880, stack(0x000000216a700000,0x000000216a800000) (1024K)]
  0x000001fcffab33d0 JavaThread "C2 CompilerThread0"         daemon [_thread_in_native, id=22900, stack(0x000000216a800000,0x000000216a900000) (1024K)]
  0x000001fcffac4740 JavaThread "C1 CompilerThread0"         daemon [_thread_blocked, id=60016, stack(0x000000216a900000,0x000000216aa00000) (1024K)]
  0x000001fcffaa9660 JavaThread "Notification Thread"        daemon [_thread_blocked, id=51784, stack(0x000000216aa00000,0x000000216ab00000) (1024K)]
  0x000001fcffaab5a0 JavaThread "Common-Cleaner"             daemon [_thread_blocked, id=33204, stack(0x000000216ab00000,0x000000216ac00000) (1024K)]
  0x000001fc912ba810 JavaThread "Cleaner-0"                  daemon [_thread_blocked, id=20496, stack(0x000000216ac00000,0x000000216ad00000) (1024K)]
  0x000001fc913da100 JavaThread "Catalina-utility-1"                [_thread_blocked, id=46800, stack(0x000000216b700000,0x000000216b800000) (1024K)]
  0x000001fc913d9160 JavaThread "Catalina-utility-2"                [_thread_blocked, id=62304, stack(0x000000216b800000,0x000000216b900000) (1024K)]
  0x000001fc913d81c0 JavaThread "container-0"                       [_thread_blocked, id=24892, stack(0x000000216b900000,0x000000216ba00000) (1024K)]
  0x000001fc912bee60 JavaThread "PostgreSQL-JDBC-Cleaner"    daemon [_thread_blocked, id=36824, stack(0x000000216b600000,0x000000216b700000) (1024K)]
  0x000001fc913d6280 JavaThread "HikariPool-1 housekeeper"   daemon [_thread_blocked, id=48980, stack(0x000000216ba00000,0x000000216bb00000) (1024K)]
=>0x000001fc97919a30 JavaThread "C2 CompilerThread1"         daemon [_thread_in_native, id=17320, stack(0x0000002169900000,0x0000002169a00000) (1024K)]
Total: 18

Other Threads:
  0x000001fcffa8e710 VMThread "VM Thread"                           [id=61908, stack(0x000000216a100000,0x000000216a200000) (1024K)]
  0x000001fcffa7aa20 WatcherThread "VM Periodic Task Thread"        [id=61244, stack(0x000000216a000000,0x000000216a100000) (1024K)]
  0x000001fcef51e270 WorkerThread "GC Thread#0"                     [id=19860, stack(0x0000002169b00000,0x0000002169c00000) (1024K)]
  0x000001fc963ab650 WorkerThread "GC Thread#1"                     [id=61092, stack(0x000000216ae00000,0x000000216af00000) (1024K)]
  0x000001fc963aba80 WorkerThread "GC Thread#2"                     [id=34360, stack(0x000000216af00000,0x000000216b000000) (1024K)]
  0x000001fc9632b590 WorkerThread "GC Thread#3"                     [id=46020, stack(0x000000216b000000,0x000000216b100000) (1024K)]
  0x000001fc9632b9c0 WorkerThread "GC Thread#4"                     [id=7140, stack(0x000000216b100000,0x000000216b200000) (1024K)]
  0x000001fc9632bdf0 WorkerThread "GC Thread#5"                     [id=61704, stack(0x000000216b200000,0x000000216b300000) (1024K)]
  0x000001fc9632c220 WorkerThread "GC Thread#6"                     [id=55408, stack(0x000000216b300000,0x000000216b400000) (1024K)]
  0x000001fc9632c650 WorkerThread "GC Thread#7"                     [id=61820, stack(0x000000216b400000,0x000000216b500000) (1024K)]
  0x000001fcef533dc0 ConcurrentGCThread "G1 Main Marker"            [id=53820, stack(0x0000002169c00000,0x0000002169d00000) (1024K)]
  0x000001fcef5355b0 WorkerThread "G1 Conc#0"                       [id=54860, stack(0x0000002169d00000,0x0000002169e00000) (1024K)]
  0x000001fc975532e0 WorkerThread "G1 Conc#1"                       [id=49656, stack(0x000000216ad00000,0x000000216ae00000) (1024K)]
  0x000001fcff9470e0 ConcurrentGCThread "G1 Refine#0"               [id=55072, stack(0x0000002169e00000,0x0000002169f00000) (1024K)]
  0x000001fcff9475a0 ConcurrentGCThread "G1 Service"                [id=25824, stack(0x0000002169f00000,0x000000216a000000) (1024K)]
Total: 15

Threads with active compile tasks:
C2 CompilerThread0  38757 6161       4       jdk.internal.classfile.impl.StackCounter::<init> (2420 bytes)
C2 CompilerThread1  38758 6179   !   4       org.springframework.core.annotation.AnnotationsScanner::processMethodHierarchy (276 bytes)
Total: 2

VM state: not at safepoint (normal execution)

VM Mutex/Monitor currently owned by a thread: None

Heap address: 0x0000000684c00000, size: 6068 MB, Compressed Oops mode: Zero based, Oop shift amount: 3

CDS archive(s) mapped at: [0x0000000010000000-0x0000000010dd0000-0x0000000010dd0000), size 14483456, SharedBaseAddress: 0x0000000010000000, ArchiveRelocationMode: 1.
Compressed class space mapped at: 0x0000000011000000-0x0000000051000000, reserved size: 1073741824
UseCompressedClassPointers 1, UseCompactObjectHeaders 0
Narrow klass pointer bits 32, Max shift 3
Narrow klass base: 0x0000000010000000, Narrow klass shift: 0
Encoding Range: [0x0000000010000000 - 0x0000000110000000), (4294967296 bytes)
Klass Range:    [0x0000000010010000 - 0x0000000051000000), (1090453504 bytes)
Klass ID Range:  [65536 - 1090519033) (1090453497)
Protection zone: [0x0000000010000000 - 0x0000000010010000), (65536 bytes)

GC Precious Log:
 CardTable entry size: 512
 Card Set container configuration: InlinePtr #cards 4 size 8 Array Of Cards #cards 32 size 80 Howl #buckets 8 coarsen threshold 7372 Howl Bitmap #cards 1024 size 144 coarsen threshold 921 Card regions per heap region 1 cards per card region 8192
 CPUs: 8 total, 8 available
 Memory: 24270M
 Large Page Support: Disabled
 NUMA Support: Disabled
 Compressed Oops: Enabled (Zero based)
 Heap Region Size: 4M
 Heap Min Capacity: 8M
 Heap Initial Capacity: 380M
 Heap Max Capacity: 6068M
 Pre-touch: Disabled
 Parallel Workers: 8
 Concurrent Workers: 2
 Concurrent Refinement Workers: 8
 Periodic GC: Disabled

Heap:
 garbage-first heap   total reserved 6213632K, committed 69632K, used 47754K [0x0000000684c00000, 0x0000000800000000)
  region size 4096K, 9 young (36864K), 2 survivors (8192K)

Heap Regions: E=young(eden), S=young(survivor), O=old, HS=humongous(starts), HC=humongous(continues), CS=collection set, F=free, TAMS=top-at-mark-start, PB=parsable bottom
|   0|0x0000000684c00000, 0x0000000685000000, 0x0000000685000000|100%| O|  |TAMS 0x0000000684c00000| PB 0x0000000684c00000| Untracked |  0
|   1|0x0000000685000000, 0x0000000685400000, 0x0000000685400000|100%| O|  |TAMS 0x0000000685000000| PB 0x0000000685000000| Untracked |  0
|   2|0x0000000685400000, 0x00000006855f7160, 0x0000000685800000| 49%| O|Cm|TAMS 0x0000000685400000| PB 0x0000000685400000| Complete |  0
|   3|0x0000000685800000, 0x0000000685c00000, 0x0000000685c00000|100%| O|  |TAMS 0x0000000685800000| PB 0x0000000685800000| Untracked |  0
|   4|0x0000000685c00000, 0x0000000686000000, 0x0000000686000000|100%| O|  |TAMS 0x0000000685c00000| PB 0x0000000685c00000| Untracked |  0
|   5|0x0000000686000000, 0x00000006860255b8, 0x0000000686400000|  3%| O|  |TAMS 0x0000000686000000| PB 0x0000000686000000| Untracked |  0
|   6|0x0000000686400000, 0x0000000686400000, 0x0000000686800000|  0%| F|  |TAMS 0x0000000686400000| PB 0x0000000686400000| Untracked |  0
|   7|0x0000000686800000, 0x0000000686800000, 0x0000000686c00000|  0%| F|  |TAMS 0x0000000686800000| PB 0x0000000686800000| Untracked |  0
|   8|0x0000000686c00000, 0x0000000686e6c488, 0x0000000687000000| 60%| E|  |TAMS 0x0000000686c00000| PB 0x0000000686c00000| Complete |  0
|   9|0x0000000687000000, 0x0000000687400000, 0x0000000687400000|100%| E|CS|TAMS 0x0000000687000000| PB 0x0000000687000000| Complete |  0
|  10|0x0000000687400000, 0x0000000687486330, 0x0000000687800000| 13%| S|CS|TAMS 0x0000000687400000| PB 0x0000000687400000| Complete |  0
|  11|0x0000000687800000, 0x0000000687c00000, 0x0000000687c00000|100%| S|CS|TAMS 0x0000000687800000| PB 0x0000000687800000| Complete |  0
|  12|0x0000000687c00000, 0x0000000688000000, 0x0000000688000000|100%| E|CS|TAMS 0x0000000687c00000| PB 0x0000000687c00000| Complete |  0
|  13|0x0000000688000000, 0x0000000688400000, 0x0000000688400000|100%| E|CS|TAMS 0x0000000688000000| PB 0x0000000688000000| Complete |  0
|  22|0x000000068a400000, 0x000000068a800000, 0x000000068a800000|100%| E|CS|TAMS 0x000000068a400000| PB 0x000000068a400000| Complete |  0
|  23|0x000000068a800000, 0x000000068ac00000, 0x000000068ac00000|100%| E|CS|TAMS 0x000000068a800000| PB 0x000000068a800000| Complete |  0
|1516|0x00000007ffc00000, 0x0000000800000000, 0x0000000800000000|100%| E|CS|TAMS 0x00000007ffc00000| PB 0x00000007ffc00000| Complete |  0

Card table byte_map: [0x000001fcf8c30000,0x000001fcf9810000] _byte_map_base: 0x000001fcf580a000

Marking Bits: (CMBitMap*) 0x000001fcef521820
 Bits: [0x000001fcf9810000, 0x000001fcff6e0000)

Polling page: 0x000001fced290000

Metaspace:
Metaspace        used 62295K, committed 62720K, reserved 1114112K
 class space     used 8775K, committed 8960K, reserved 1048576K

Usage:
  Non-class:     52.27 MB used.
      Class:      8.57 MB used.
       Both:     60.84 MB used.

Virtual space:
  Non-class space:       64.00 MB reserved,      52.50 MB ( 82%) committed,  1 nodes.
      Class space:        1.00 GB reserved,       8.75 MB ( <1%) committed,  1 nodes.
             Both:        1.06 GB reserved,      61.25 MB (  6%) committed. 

Chunk freelists:
   Non-Class:  11.25 MB
       Class:  7.20 MB
        Both:  18.45 MB

MaxMetaspaceSize: unlimited
CompressedClassSpaceSize: 1.00 GB
Initial GC threshold: 21.00 MB
Current GC threshold: 98.56 MB
CDS: on
 - commit_granule_bytes: 65536.
 - commit_granule_words: 8192.
 - virtual_space_node_default_size: 8388608.
 - enlarge_chunks_in_place: 1.
UseCompressedClassPointers 1, UseCompactObjectHeaders 0
Narrow klass pointer bits 32, Max shift 3
Narrow klass base: 0x0000000010000000, Narrow klass shift: 0
Encoding Range: [0x0000000010000000 - 0x0000000110000000), (4294967296 bytes)
Klass Range:    [0x0000000010010000 - 0x0000000051000000), (1090453504 bytes)
Klass ID Range:  [65536 - 1090519033) (1090453497)
Protection zone: [0x0000000010000000 - 0x0000000010010000), (65536 bytes)


Internal statistics:

num_allocs_failed_limit: 9.
num_arena_births: 524.
num_arena_deaths: 0.
num_vsnodes_births: 2.
num_vsnodes_deaths: 0.
num_space_committed: 980.
num_space_uncommitted: 0.
num_chunks_returned_to_freelist: 9.
num_chunks_taken_from_freelist: 2624.
num_chunk_merges: 9.
num_chunk_splits: 1926.
num_chunks_enlarged: 1613.
num_inconsistent_stats: 0.

CodeHeap 'non-profiled nmethods': size=120064Kb used=2711Kb max_used=2925Kb free=117352Kb
 bounds [0x000001fc87ac0000, 0x000001fc87da0000, 0x000001fc8f000000]
CodeHeap 'profiled nmethods': size=120000Kb used=7684Kb max_used=8659Kb free=112315Kb
 bounds [0x000001fc80000000, 0x000001fc80880000, 0x000001fc87530000]
CodeHeap 'non-nmethods': size=5696Kb used=1804Kb max_used=1840Kb free=3891Kb
 bounds [0x000001fc87530000, 0x000001fc877a0000, 0x000001fc87ac0000]
CodeCache: size=245760Kb, used=12199Kb, max_used=13424Kb, free=233558Kb
 total_blobs=6003, nmethods=5264, adapters=641, full_count=0
Compilation: enabled, stopped_count=0, restarted_count=0

Compilation events (20 events):
Event: 36.291 Thread 0x000001fcffac4740 nmethod 6198 0x000001fc80677488 code [0x000001fc80677580, 0x000001fc8067d498]
Event: 36.291 Thread 0x000001fcffac4740 6199       3       jdk.internal.classfile.impl.SplitConstantPool::internalAdd (78 bytes)
Event: 36.292 Thread 0x000001fcffac4740 nmethod 6199 0x000001fc803a3f08 code [0x000001fc803a4000, 0x000001fc803a4748]
Event: 36.421 Thread 0x000001fcffac4740 6200       2       java.lang.Class::getMethodsRecursive (104 bytes)
Event: 36.422 Thread 0x000001fcffac4740 nmethod 6200 0x000001fc80426b88 code [0x000001fc80426c80, 0x000001fc80427078]
Event: 36.448 Thread 0x000001fcffac4740 6201       3       org.springframework.core.ResolvableType::<init> (39 bytes)
Event: 36.448 Thread 0x000001fcffac4740 nmethod 6201 0x000001fc8062d208 code [0x000001fc8062d300, 0x000001fc8062d6c8]
Event: 36.452 Thread 0x000001fcffac4740 6202       3       sun.reflect.generics.parser.SignatureParser::parseIdentifier (13 bytes)
Event: 36.452 Thread 0x000001fcffac4740 nmethod 6202 0x000001fc80199088 code [0x000001fc80199180, 0x000001fc80199460]
Event: 36.452 Thread 0x000001fcffac4740 6203       3       sun.reflect.generics.reflectiveObjects.WildcardTypeImpl::getLowerBounds (36 bytes)
Event: 36.453 Thread 0x000001fcffac4740 nmethod 6203 0x000001fc80133808 code [0x000001fc80133900, 0x000001fc80133ee0]
Event: 36.453 Thread 0x000001fcffac4740 6204       3       sun.reflect.generics.reflectiveObjects.WildcardTypeImpl::getUpperBounds (36 bytes)
Event: 36.454 Thread 0x000001fcffac4740 nmethod 6204 0x000001fc80352308 code [0x000001fc80352400, 0x000001fc803529e0]
Event: 36.466 Thread 0x000001fcffac4740 6205       3       org.springframework.core.convert.TypeDescriptor$AnnotatedElementAdapter::isEmpty (14 bytes)
Event: 36.466 Thread 0x000001fcffac4740 nmethod 6205 0x000001fc8022fd88 code [0x000001fc8022fe80, 0x000001fc8022ffe8]
Event: 36.466 Thread 0x000001fcffac4740 6208       3       sun.invoke.util.VerifyType::isNullType (18 bytes)
Event: 36.466 Thread 0x000001fcffac4740 nmethod 6208 0x000001fc80257b88 code [0x000001fc80257c80, 0x000001fc80257e30]
Event: 36.466 Thread 0x000001fcffac4740 6206       3       org.springframework.core.convert.TypeDescriptor::getAnnotations (8 bytes)
Event: 36.467 Thread 0x000001fcffac4740 nmethod 6206 0x000001fc801a4108 code [0x000001fc801a4200, 0x000001fc801a4710]
Event: 36.467 Thread 0x000001fcffac4740 6207       3       org.springframework.core.convert.TypeDescriptor$AnnotatedElementAdapter::getAnnotations (25 bytes)

GC Heap Usage History (20 events):
Event: 8.078 {heap Before GC invocations=4 (full 0):
 garbage-first heap   total reserved 6213632K, committed 57344K, used 52651K [0x0000000684c00000, 0x0000000800000000)
  region size 4096K, 13 young (53248K), 3 survivors (12288K)
}
Event: 8.092 {heap After GC invocations=5 (full 0):
 garbage-first heap   total reserved 6213632K, committed 69632K, used 12423K [0x0000000684c00000, 0x0000000800000000)
  region size 4096K, 3 young (12288K), 3 survivors (12288K)
}
Event: 8.940 {heap Before GC invocations=5 (full 0):
 garbage-first heap   total reserved 6213632K, committed 69632K, used 41095K [0x0000000684c00000, 0x0000000800000000)
  region size 4096K, 10 young (40960K), 3 survivors (12288K)
}
Event: 8.967 {heap After GC invocations=6 (full 0):
 garbage-first heap   total reserved 6213632K, committed 69632K, used 12546K [0x0000000684c00000, 0x0000000800000000)
  region size 4096K, 1 young (4096K), 1 survivors (4096K)
}
Event: 9.888 {heap Before GC invocations=6 (full 0):
 garbage-first heap   total reserved 6213632K, committed 69632K, used 49410K [0x0000000684c00000, 0x0000000800000000)
  region size 4096K, 10 young (40960K), 1 survivors (4096K)
}
Event: 9.900 {heap After GC invocations=7 (full 0):
 garbage-first heap   total reserved 6213632K, committed 69632K, used 13538K [0x0000000684c00000, 0x0000000800000000)
  region size 4096K, 2 young (8192K), 2 survivors (8192K)
}
Event: 10.604 {heap Before GC invocations=7 (full 0):
 garbage-first heap   total reserved 6213632K, committed 69632K, used 46306K [0x0000000684c00000, 0x0000000800000000)
  region size 4096K, 10 young (40960K), 2 survivors (8192K)
}
Event: 10.621 {heap After GC invocations=8 (full 0):
 garbage-first heap   total reserved 6213632K, committed 229376K, used 14136K [0x0000000684c00000, 0x0000000800000000)
  region size 4096K, 1 young (4096K), 1 survivors (4096K)
}
Event: 17.891 {heap Before GC invocations=8 (full 0):
 garbage-first heap   total reserved 6213632K, committed 229376K, used 141112K [0x0000000684c00000, 0x0000000800000000)
  region size 4096K, 33 young (135168K), 1 survivors (4096K)
}
Event: 17.901 {heap After GC invocations=9 (full 0):
 garbage-first heap   total reserved 6213632K, committed 229376K, used 17568K [0x0000000684c00000, 0x0000000800000000)
  region size 4096K, 2 young (8192K), 2 survivors (8192K)
}
Event: 20.049 {heap Before GC invocations=10 (full 0):
 garbage-first heap   total reserved 6213632K, committed 69632K, used 50336K [0x0000000684c00000, 0x0000000800000000)
  region size 4096K, 10 young (40960K), 2 survivors (8192K)
}
Event: 20.059 {heap After GC invocations=11 (full 0):
 garbage-first heap   total reserved 6213632K, committed 69632K, used 19108K [0x0000000684c00000, 0x0000000800000000)
  region size 4096K, 2 young (8192K), 2 survivors (8192K)
}
Event: 28.056 {heap Before GC invocations=11 (full 0):
 garbage-first heap   total reserved 6213632K, committed 69632K, used 51876K [0x0000000684c00000, 0x0000000800000000)
  region size 4096K, 10 young (40960K), 2 survivors (8192K)
}
Event: 28.064 {heap After GC invocations=12 (full 0):
 garbage-first heap   total reserved 6213632K, committed 69632K, used 20539K [0x0000000684c00000, 0x0000000800000000)
  region size 4096K, 1 young (4096K), 1 survivors (4096K)
}
Event: 29.917 {heap Before GC invocations=12 (full 0):
 garbage-first heap   total reserved 6213632K, committed 69632K, used 57403K [0x0000000684c00000, 0x0000000800000000)
  region size 4096K, 10 young (40960K), 1 survivors (4096K)
}
Event: 29.923 {heap After GC invocations=13 (full 0):
 garbage-first heap   total reserved 6213632K, committed 69632K, used 21751K [0x0000000684c00000, 0x0000000800000000)
  region size 4096K, 2 young (8192K), 2 survivors (8192K)
}
Event: 32.250 {heap Before GC invocations=13 (full 0):
 garbage-first heap   total reserved 6213632K, committed 69632K, used 54519K [0x0000000684c00000, 0x0000000800000000)
  region size 4096K, 10 young (40960K), 2 survivors (8192K)
}
Event: 32.258 {heap After GC invocations=14 (full 0):
 garbage-first heap   total reserved 6213632K, committed 69632K, used 22422K [0x0000000684c00000, 0x0000000800000000)
  region size 4096K, 2 young (8192K), 2 survivors (8192K)
}
Event: 34.339 {heap Before GC invocations=14 (full 0):
 garbage-first heap   total reserved 6213632K, committed 69632K, used 38806K [0x0000000684c00000, 0x0000000800000000)
  region size 4096K, 7 young (28672K), 2 survivors (8192K)
}
Event: 34.348 {heap After GC invocations=15 (full 0):
 garbage-first heap   total reserved 6213632K, committed 69632K, used 23178K [0x0000000684c00000, 0x0000000800000000)
  region size 4096K, 2 young (8192K), 2 survivors (8192K)
}

Metaspace Usage History (20 events):
Event: 8.078 {metaspace Before GC invocations=4 (full 0):
 Metaspace       used 22308K, committed 22592K, reserved 1114112K
  class space    used 2918K, committed 3072K, reserved 1048576K
}
Event: 8.092 {metaspace After GC invocations=5 (full 0):
 Metaspace       used 22308K, committed 22592K, reserved 1114112K
  class space    used 2918K, committed 3072K, reserved 1048576K
}
Event: 8.940 {metaspace Before GC invocations=5 (full 0):
 Metaspace       used 23757K, committed 24064K, reserved 1114112K
  class space    used 3099K, committed 3264K, reserved 1048576K
}
Event: 8.967 {metaspace After GC invocations=6 (full 0):
 Metaspace       used 23757K, committed 24064K, reserved 1114112K
  class space    used 3099K, committed 3264K, reserved 1048576K
}
Event: 9.888 {metaspace Before GC invocations=6 (full 0):
 Metaspace       used 25677K, committed 25984K, reserved 1114112K
  class space    used 3360K, committed 3520K, reserved 1048576K
}
Event: 9.900 {metaspace After GC invocations=7 (full 0):
 Metaspace       used 25677K, committed 25984K, reserved 1114112K
  class space    used 3360K, committed 3520K, reserved 1048576K
}
Event: 10.604 {metaspace Before GC invocations=7 (full 0):
 Metaspace       used 27457K, committed 27712K, reserved 1114112K
  class space    used 3605K, committed 3712K, reserved 1048576K
}
Event: 10.621 {metaspace After GC invocations=8 (full 0):
 Metaspace       used 27457K, committed 27712K, reserved 1114112K
  class space    used 3605K, committed 3712K, reserved 1048576K
}
Event: 17.891 {metaspace Before GC invocations=8 (full 0):
 Metaspace       used 35810K, committed 36160K, reserved 1114112K
  class space    used 4795K, committed 4928K, reserved 1048576K
}
Event: 17.901 {metaspace After GC invocations=9 (full 0):
 Metaspace       used 35810K, committed 36160K, reserved 1114112K
  class space    used 4795K, committed 4928K, reserved 1048576K
}
Event: 20.049 {metaspace Before GC invocations=10 (full 0):
 Metaspace       used 39968K, committed 40320K, reserved 1114112K
  class space    used 5551K, committed 5696K, reserved 1048576K
}
Event: 20.059 {metaspace After GC invocations=11 (full 0):
 Metaspace       used 39968K, committed 40320K, reserved 1114112K
  class space    used 5551K, committed 5696K, reserved 1048576K
}
Event: 28.056 {metaspace Before GC invocations=11 (full 0):
 Metaspace       used 48345K, committed 48832K, reserved 1114112K
  class space    used 6586K, committed 6784K, reserved 1048576K
}
Event: 28.064 {metaspace After GC invocations=12 (full 0):
 Metaspace       used 48345K, committed 48832K, reserved 1114112K
  class space    used 6586K, committed 6784K, reserved 1048576K
}
Event: 29.917 {metaspace Before GC invocations=12 (full 0):
 Metaspace       used 51703K, committed 52096K, reserved 1114112K
  class space    used 7024K, committed 7168K, reserved 1048576K
}
Event: 29.923 {metaspace After GC invocations=13 (full 0):
 Metaspace       used 51703K, committed 52096K, reserved 1114112K
  class space    used 7024K, committed 7168K, reserved 1048576K
}
Event: 32.250 {metaspace Before GC invocations=13 (full 0):
 Metaspace       used 57098K, committed 57536K, reserved 1114112K
  class space    used 7934K, committed 8128K, reserved 1048576K
}
Event: 32.258 {metaspace After GC invocations=14 (full 0):
 Metaspace       used 57098K, committed 57536K, reserved 1114112K
  class space    used 7934K, committed 8128K, reserved 1048576K
}
Event: 34.339 {metaspace Before GC invocations=14 (full 0):
 Metaspace       used 60031K, committed 60480K, reserved 1114112K
  class space    used 8440K, committed 8640K, reserved 1048576K
}
Event: 34.348 {metaspace After GC invocations=15 (full 0):
 Metaspace       used 60031K, committed 60480K, reserved 1114112K
  class space    used 8440K, committed 8640K, reserved 1048576K
}

Dll operation events (10 events):
Event: 0.018 Loaded shared library C:\Program Files\Java\jdk-25.0.2\bin\java.dll
Event: 0.092 Loaded shared library C:\Program Files\Java\jdk-25.0.2\bin\net.dll
Event: 0.095 Loaded shared library C:\Program Files\Java\jdk-25.0.2\bin\nio.dll
Event: 0.103 Loaded shared library C:\Program Files\Java\jdk-25.0.2\bin\zip.dll
Event: 0.191 Loaded shared library C:\Program Files\Java\jdk-25.0.2\bin\jimage.dll
Event: 6.496 Loaded shared library C:\Program Files\Java\jdk-25.0.2\bin\sunmscapi.dll
Event: 18.435 Loaded shared library C:\Program Files\Java\jdk-25.0.2\bin\verify.dll
Event: 20.337 Loaded shared library C:\Program Files\Java\jdk-25.0.2\bin\extnet.dll
Event: 20.483 Loaded shared library C:\Program Files\Java\jdk-25.0.2\bin\management.dll
Event: 20.486 Loaded shared library C:\Program Files\Java\jdk-25.0.2\bin\management_ext.dll

Deoptimization events (20 events):
Event: 35.854 Thread 0x000001fcef495a30 Uncommon trap: trap_request=0xffffff45 fr.pc=0x000001fc87c6e648 relative=0x0000000000000148
Event: 35.859 Thread 0x000001fcef495a30 Uncommon trap: reason=unstable_if action=reinterpret pc=0x000001fc87c6e648 method=java.util.ArrayDeque.addLast(Ljava/lang/Object;)V @ 42 c2
Event: 35.859 Thread 0x000001fcef495a30 DEOPT PACKING pc=0x000001fc87c6e648 sp=0x0000002169afc490
Event: 35.859 Thread 0x000001fcef495a30 DEOPT UNPACKING pc=0x000001fc8765ea82 sp=0x0000002169afc3c8 mode 2
Event: 35.973 Thread 0x000001fcef495a30 Uncommon trap: trap_request=0xffffff45 fr.pc=0x000001fc87b70a74 relative=0x0000000000000754
Event: 35.981 Thread 0x000001fcef495a30 Uncommon trap: reason=unstable_if action=reinterpret pc=0x000001fc87b70a74 method=jdk.internal.classfile.impl.SplitConstantPool.internalAdd(Ljava/lang/classfile/constantpool/PoolEntry;I)Ljava/lang/classfile/constantpool/PoolEntry; @ 18 c2
Event: 35.981 Thread 0x000001fcef495a30 DEOPT PACKING pc=0x000001fc87b70a74 sp=0x0000002169afabe0
Event: 35.981 Thread 0x000001fcef495a30 DEOPT UNPACKING pc=0x000001fc8765ea82 sp=0x0000002169afab78 mode 2
Event: 36.127 Thread 0x000001fcef495a30 Uncommon trap: trap_request=0xfffffff4 fr.pc=0x000001fc87d909f8 relative=0x0000000000001a78
Event: 36.127 Thread 0x000001fcef495a30 Uncommon trap: reason=null_check action=make_not_entrant pc=0x000001fc87d909f8 method=java.lang.Class.getMethodsRecursive(Ljava/lang/String;[Ljava/lang/Class;ZZ)Ljava/lang/PublicMethods$MethodList; @ 27 c2
Event: 36.127 Thread 0x000001fcef495a30 DEOPT PACKING pc=0x000001fc87d909f8 sp=0x0000002169afc4f0
Event: 36.127 Thread 0x000001fcef495a30 DEOPT UNPACKING pc=0x000001fc8765ea82 sp=0x0000002169afc4b0 mode 2
Event: 36.277 Thread 0x000001fcef495a30 Uncommon trap: trap_request=0xffffff45 fr.pc=0x000001fc87cd0798 relative=0x0000000000005498
Event: 36.277 Thread 0x000001fcef495a30 Uncommon trap: reason=unstable_if action=reinterpret pc=0x000001fc87cd0798 method=org.springframework.beans.factory.support.AbstractBeanFactory.isTypeMatch(Ljava/lang/String;Lorg/springframework/core/ResolvableType;Z)Z @ 79 c2
Event: 36.277 Thread 0x000001fcef495a30 DEOPT PACKING pc=0x000001fc87cd0798 sp=0x0000002169afbe90
Event: 36.277 Thread 0x000001fcef495a30 DEOPT UNPACKING pc=0x000001fc8765ea82 sp=0x0000002169afbe68 mode 2
Event: 36.278 Thread 0x000001fcef495a30 Uncommon trap: trap_request=0xffffff45 fr.pc=0x000001fc87ca6d88 relative=0x00000000000009e8
Event: 36.278 Thread 0x000001fcef495a30 Uncommon trap: reason=unstable_if action=reinterpret pc=0x000001fc87ca6d88 method=java.util.HashMap.putMapEntries(Ljava/util/Map;Z)V @ 56 c2
Event: 36.278 Thread 0x000001fcef495a30 DEOPT PACKING pc=0x000001fc87ca6d88 sp=0x0000002169afc300
Event: 36.278 Thread 0x000001fcef495a30 DEOPT UNPACKING pc=0x000001fc8765ea82 sp=0x0000002169afc298 mode 2

Classes loaded (20 events):
Event: 29.449 Loading class java/util/concurrent/CompletableFuture$Completion
Event: 29.449 Loading class java/util/concurrent/CompletableFuture$AsynchronousCompletionTask
Event: 29.449 Loading class java/util/concurrent/CompletableFuture$AsynchronousCompletionTask done
Event: 29.449 Loading class java/util/concurrent/CompletableFuture$Completion done
Event: 29.852 Loading class sun/reflect/annotation/TypeAnnotation$TypeAnnotationTargetInfo
Event: 29.852 Loading class sun/reflect/annotation/TypeAnnotation$TypeAnnotationTargetInfo done
Event: 30.072 Loading class java/util/concurrent/CancellationException
Event: 30.072 Loading class java/util/concurrent/CancellationException done
Event: 32.007 Loading class java/util/ArrayList$ListItr
Event: 32.007 Loading class java/util/ArrayList$ListItr done
Event: 32.283 Loading class java/util/AbstractList$SubList
Event: 32.283 Loading class java/util/AbstractList$SubList done
Event: 32.796 Loading class java/lang/reflect/ReflectPermission
Event: 32.796 Loading class java/lang/reflect/ReflectPermission done
Event: 35.577 Loading class javax/naming/Reference
Event: 35.577 Loading class javax/naming/Reference done
Event: 35.803 Loading class java/lang/SafeVarargs
Event: 35.803 Loading class java/lang/SafeVarargs done
Event: 35.807 Loading class sun/reflect/generics/reflectiveObjects/GenericArrayTypeImpl
Event: 35.807 Loading class sun/reflect/generics/reflectiveObjects/GenericArrayTypeImpl done

Classes unloaded (0 events):
No events

Classes redefined (0 events):
No events

Internal exceptions (20 events):
Event: 30.171 Thread 0x000001fcef495a30 Exception <a 'java/lang/NoSuchMethodError'{0x000000068aaa1bb8}: 'java.lang.Object java.lang.invoke.DirectMethodHandle$Holder.invokeStaticInit(java.lang.Object, java.lang.Object, int, java.lang.Object)'> (0x000000068aaa1bb8) 
thrown [s\open\src\hotspot\share\interpreter\linkResolver.cpp, line 804]
Event: 33.360 Thread 0x000001fcef495a30 Exception <a 'java/lang/NoSuchMethodError'{0x0000000688042400}: 'void java.lang.invoke.DirectMethodHandle$Holder.invokeInterface(java.lang.Object, java.lang.Object, int, java.lang.Object)'> (0x0000000688042400) 
thrown [s\open\src\hotspot\share\interpreter\linkResolver.cpp, line 804]
Event: 33.404 Thread 0x000001fcef495a30 Exception <a 'java/lang/NoSuchMethodError'{0x00000006880984a8}: 'java.lang.Object java.lang.invoke.DirectMethodHandle$Holder.newInvokeSpecial(java.lang.Object, java.lang.Object, int, java.lang.Object)'> (0x00000006880984a8) 
thrown [s\open\src\hotspot\share\interpreter\linkResolver.cpp, line 804]
Event: 33.404 Thread 0x000001fcef495a30 Exception <a 'java/lang/NoSuchMethodError'{0x00000006880a1008}: 'java.lang.Object java.lang.invoke.Invokers$Holder.linkToTargetMethod(java.lang.Object, int, java.lang.Object, java.lang.Object)'> (0x00000006880a1008) 
thrown [s\open\src\hotspot\share\interpreter\linkResolver.cpp, line 804]
Event: 33.568 Thread 0x000001fcef495a30 Exception <a 'java/lang/NoSuchMethodError'{0x000000068824fda8}: 'void java.lang.invoke.DirectMethodHandle$Holder.invokeSpecial(java.lang.Object, java.lang.Object, java.lang.Object, java.lang.Object, java.lang.Object, java.lang.Object, java.lang.Object, java.lang.Object)'> (0x000000068824fda8) 
thrown [s\open\src\hotspot\share\interpreter\linkResolver.cpp, line 804]
Event: 33.616 Thread 0x000001fcef495a30 Exception <a 'java/lang/NoSuchMethodError'{0x00000006882c9768}: 'void java.lang.invoke.DirectMethodHandle$Holder.invokeSpecial(java.lang.Object, java.lang.Object, int, java.lang.Object)'> (0x00000006882c9768) 
thrown [s\open\src\hotspot\share\interpreter\linkResolver.cpp, line 804]
Event: 33.617 Thread 0x000001fcef495a30 Exception <a 'java/lang/NoSuchMethodError'{0x00000006882d94a8}: 'java.lang.Object java.lang.invoke.DirectMethodHandle$Holder.newInvokeSpecial(java.lang.Object, java.lang.Object, int)'> (0x00000006882d94a8) 
thrown [s\open\src\hotspot\share\interpreter\linkResolver.cpp, line 804]
Event: 33.858 Thread 0x000001fcef495a30 Exception <a 'java/lang/NoSuchMethodError'{0x0000000687d43610}: 'int java.lang.invoke.DirectMethodHandle$Holder.invokeStatic(java.lang.Object, int, java.lang.Object)'> (0x0000000687d43610) 
thrown [s\open\src\hotspot\share\interpreter\linkResolver.cpp, line 804]
Event: 33.877 Thread 0x000001fcef495a30 Exception <a 'java/lang/NoSuchMethodError'{0x0000000687d86798}: 'java.lang.Object java.lang.invoke.DirectMethodHandle$Holder.newInvokeSpecial(java.lang.Object, java.lang.Object, java.lang.Object, java.lang.Object, java.lang.Object, int, java.lang.Object)'> (0x0000000687d86798) 
thrown [s\open\src\hotspot\share\interpreter\linkResolver.cpp, line 804]
Event: 33.968 Thread 0x000001fcef495a30 Exception <a 'java/lang/NoSuchMethodError'{0x0000000687df2b30}: 'java.lang.Object java.lang.invoke.DirectMethodHandle$Holder.newInvokeSpecial(java.lang.Object, java.lang.Object, java.lang.Object, java.lang.Object, java.lang.Object, java.lang.Object, java.lang.Object, java.lang.Object, java.lang.Object, java.lang.Object, java.lang.Object, java.lang.Object)'> (0x0000000687df2b30) 
thrown [s\open\src\hotspot\share\interpreter\linkResolver.cpp, line 804]
Event: 33.969 Thread 0x000001fcef495a30 Exception <a 'java/lang/NoSuchMethodError'{0x0000000687dfc940}: 'java.lang.Object java.lang.invoke.Invokers$Holder.linkToTargetMethod(java.lang.Object, java.lang.Object, java.lang.Object, java.lang.Object, java.lang.Object, java.lang.Object, java.lang.Object, java.lang.Object, java.lang.Object, java.lang.Object, java.lang.Object, java.lang.Object)'> (0x0000000687dfc940) 
thrown [s\open\src\hotspot\share\interpreter\linkResolver.cpp, line 804]
Event: 34.690 Thread 0x000001fcef495a30 Exception <a 'java/lang/IncompatibleClassChangeError'{0x00000007ffd96b48}: Found class java.lang.Object, but interface was expected> (0x00000007ffd96b48) 
thrown [s\open\src\hotspot\share\interpreter\linkResolver.cpp, line 871]
Event: 34.758 Thread 0x000001fcef495a30 Exception <a 'java/lang/NoSuchMethodError'{0x00000007ffe87b50}: 'java.lang.Object java.lang.invoke.DirectMethodHandle$Holder.newInvokeSpecial(java.lang.Object, java.lang.Object, java.lang.Object, java.lang.Object, java.lang.Object, java.lang.Object, java.lang.Object, int)'> (0x00000007ffe87b50) 
thrown [s\open\src\hotspot\share\interpreter\linkResolver.cpp, line 804]
Event: 34.763 Thread 0x000001fcef495a30 Exception <a 'java/lang/NoSuchMethodError'{0x00000007ffe911d8}: 'java.lang.Object java.lang.invoke.DirectMethodHandle$Holder.invokeSpecial(java.lang.Object, java.lang.Object, java.lang.Object, java.lang.Object, java.lang.Object, java.lang.Object, java.lang.Object, java.lang.Object, int)'> (0x00000007ffe911d8) 
thrown [s\open\src\hotspot\share\interpreter\linkResolver.cpp, line 804]
Event: 34.764 Thread 0x000001fcef495a30 Exception <a 'java/lang/NoSuchMethodError'{0x00000007ffe99d10}: 'java.lang.Object java.lang.invoke.Invokers$Holder.linkToTargetMethod(java.lang.Object, java.lang.Object, java.lang.Object, java.lang.Object, java.lang.Object, java.lang.Object, int, java.lang.Object)'> (0x00000007ffe99d10) 
thrown [s\open\src\hotspot\share\interpreter\linkResolver.cpp, line 804]
Event: 34.888 Thread 0x000001fcef495a30 Exception <a 'java/lang/NoSuchMethodError'{0x000000068a8695b0}: 'void java.lang.invoke.DirectMethodHandle$Holder.invokeInterface(java.lang.Object, java.lang.Object)'> (0x000000068a8695b0) 
thrown [s\open\src\hotspot\share\interpreter\linkResolver.cpp, line 804]
Event: 35.600 Thread 0x000001fcef495a30 Exception <a 'java/lang/NoSuchMethodError'{0x00000006880fa328}: 'void java.lang.invoke.Invokers$Holder.invokeExact_MT(java.lang.Object, java.lang.Object, java.lang.Object, java.lang.Object)'> (0x00000006880fa328) 
thrown [s\open\src\hotspot\share\interpreter\linkResolver.cpp, line 804]
Event: 35.789 Thread 0x000001fcef495a30 Implicit null exception at 0x000001fc87c71d38 to 0x000001fc87c71f00
Event: 36.127 Thread 0x000001fcef495a30 Implicit null exception at 0x000001fc87d8f312 to 0x000001fc87d909dc
Event: 36.292 Thread 0x000001fcef495a30 Exception <a 'java/lang/IncompatibleClassChangeError'{0x0000000687073900}: Found class java.lang.Object, but interface was expected> (0x0000000687073900) 
thrown [s\open\src\hotspot\share\interpreter\linkResolver.cpp, line 871]

VM Operations (20 events):
Event: 21.278 Executing non-safepoint VM operation: HandshakeAllThreads (Deoptimize)
Event: 21.278 Executing non-safepoint VM operation: HandshakeAllThreads (Deoptimize) done
Event: 28.056 Executing safepoint VM operation: G1CollectForAllocation (G1 Evacuation Pause)
Event: 28.064 Executing safepoint VM operation: G1CollectForAllocation (G1 Evacuation Pause) done
Event: 29.917 Executing safepoint VM operation: G1CollectForAllocation (G1 Evacuation Pause)
Event: 29.923 Executing safepoint VM operation: G1CollectForAllocation (G1 Evacuation Pause) done
Event: 31.999 Executing non-safepoint VM operation: HandshakeAllThreads (Deoptimize)
Event: 32.000 Executing non-safepoint VM operation: HandshakeAllThreads (Deoptimize) done
Event: 32.009 Executing non-safepoint VM operation: HandshakeAllThreads (Deoptimize)
Event: 32.009 Executing non-safepoint VM operation: HandshakeAllThreads (Deoptimize) done
Event: 32.250 Executing safepoint VM operation: G1CollectForAllocation (G1 Evacuation Pause)
Event: 32.258 Executing safepoint VM operation: G1CollectForAllocation (G1 Evacuation Pause) done
Event: 32.732 Executing non-safepoint VM operation: HandshakeAllThreads (Deoptimize)
Event: 32.732 Executing non-safepoint VM operation: HandshakeAllThreads (Deoptimize) done
Event: 34.339 Executing safepoint VM operation: CollectForMetadataAllocation (Metadata GC Threshold)
Event: 34.348 Executing safepoint VM operation: CollectForMetadataAllocation (Metadata GC Threshold) done
Event: 34.405 Executing safepoint VM operation: G1PauseRemark
Event: 34.412 Executing safepoint VM operation: G1PauseRemark done
Event: 34.428 Executing safepoint VM operation: G1PauseCleanup
Event: 34.428 Executing safepoint VM operation: G1PauseCleanup done

Memory protections (0 events):
No events

Nmethod flushes (20 events):
Event: 34.410 Thread 0x000001fcffa8e710 flushing  nmethod 0x000001fc80553208
Event: 34.410 Thread 0x000001fcffa8e710 flushing  nmethod 0x000001fc80554a88
Event: 34.410 Thread 0x000001fcffa8e710 flushing  nmethod 0x000001fc80555308
Event: 34.410 Thread 0x000001fcffa8e710 flushing  nmethod 0x000001fc805aba08
Event: 34.410 Thread 0x000001fcffa8e710 flushing  nmethod 0x000001fc805edb08
Event: 34.410 Thread 0x000001fcffa8e710 flushing  nmethod 0x000001fc805ee788
Event: 34.410 Thread 0x000001fcffa8e710 flushing  nmethod 0x000001fc805ef208
Event: 34.410 Thread 0x000001fcffa8e710 flushing  nmethod 0x000001fc805efb88
Event: 34.410 Thread 0x000001fcffa8e710 flushing  nmethod 0x000001fc805f0108
Event: 34.410 Thread 0x000001fcffa8e710 flushing  nmethod 0x000001fc805f3608
Event: 34.410 Thread 0x000001fcffa8e710 flushing  nmethod 0x000001fc805f4708
Event: 34.410 Thread 0x000001fcffa8e710 flushing  nmethod 0x000001fc805f4d08
Event: 34.410 Thread 0x000001fcffa8e710 flushing  nmethod 0x000001fc8061de08
Event: 34.410 Thread 0x000001fcffa8e710 flushing  nmethod 0x000001fc806ab908
Event: 34.410 Thread 0x000001fcffa8e710 flushing  nmethod 0x000001fc806e7688
Event: 34.410 Thread 0x000001fcffa8e710 flushing  nmethod 0x000001fc806e8588
Event: 34.410 Thread 0x000001fcffa8e710 flushing  nmethod 0x000001fc8071ec88
Event: 34.410 Thread 0x000001fcffa8e710 flushing  nmethod 0x000001fc80725b88
Event: 34.410 Thread 0x000001fcffa8e710 flushing  nmethod 0x000001fc80747808
Event: 34.410 Thread 0x000001fcffa8e710 flushing  nmethod 0x000001fc80747f08

Events (20 events):
Event: 10.013 Thread 0x000001fcffac4740 Thread added: 0x000001fc9822d8c0
Event: 11.335 Thread 0x000001fcffac4740 Thread added: 0x000001fc9731f930
Event: 12.348 Thread 0x000001fc9731f930 Thread exited: 0x000001fc9731f930
Event: 12.966 Thread 0x000001fcffac4740 Thread added: 0x000001fc9791aa50
Event: 13.192 Thread 0x000001fcef495a30 Thread added: 0x000001fc913da100
Event: 13.200 Thread 0x000001fcef495a30 Thread added: 0x000001fc913d9160
Event: 13.220 Thread 0x000001fcef495a30 Thread added: 0x000001fc913d81c0
Event: 16.103 Thread 0x000001fc9791aa50 Thread exited: 0x000001fc9791aa50
Event: 16.103 Thread 0x000001fc9822d8c0 Thread exited: 0x000001fc9822d8c0
Event: 16.359 Thread 0x000001fcffac4740 Thread added: 0x000001fc97918200
Event: 16.810 Thread 0x000001fc97918200 Thread exited: 0x000001fc97918200
Event: 20.995 Thread 0x000001fcffac4740 Thread added: 0x000001fc97919a30
Event: 26.458 Thread 0x000001fc97919a30 Thread exited: 0x000001fc97919a30
Event: 26.707 Thread 0x000001fcef495a30 Thread added: 0x000001fc912bee60
Event: 26.961 Thread 0x000001fcef495a30 Thread added: 0x000001fc913d6280
Event: 27.148 Thread 0x000001fc913d6280 Thread added: 0x000001fc97a7bfd0
Event: 27.367 Thread 0x000001fcffab33d0 Thread added: 0x000001fc97919a30
Event: 28.121 Thread 0x000001fc97919a30 Thread exited: 0x000001fc97919a30
Event: 35.799 Thread 0x000001fcffab33d0 Thread added: 0x000001fc97919a30
Event: 36.344 Thread 0x000001fc97a7bfd0 Thread exited: 0x000001fc97a7bfd0


Dynamic libraries:
0x00007ff6f67d0000 - 0x00007ff6f67e0000 	C:\Program Files\Java\jdk-25.0.2\bin\java.exe
0x00007ffb2eaa0000 - 0x00007ffb2ed06000 	C:\WINDOWS\SYSTEM32\ntdll.dll
0x00007ffb2d720000 - 0x00007ffb2d7e9000 	C:\WINDOWS\System32\KERNEL32.DLL
0x00007ffb2c3c0000 - 0x00007ffb2c7bf000 	C:\WINDOWS\System32\KERNELBASE.dll
0x00007ffb2bfc0000 - 0x00007ffb2c10c000 	C:\WINDOWS\System32\ucrtbase.dll
0x00007ffb11220000 - 0x00007ffb1123e000 	C:\Program Files\Java\jdk-25.0.2\bin\VCRUNTIME140.dll
0x00007ffb004f0000 - 0x00007ffb00507000 	C:\Program Files\Java\jdk-25.0.2\bin\jli.dll
0x00007ffb2d7f0000 - 0x00007ffb2d9b6000 	C:\WINDOWS\System32\USER32.dll
0x00007ffb2c1b0000 - 0x00007ffb2c1d7000 	C:\WINDOWS\System32\win32u.dll
0x00007ffb10f40000 - 0x00007ffb111d1000 	C:\WINDOWS\WinSxS\amd64_microsoft.windows.common-controls_6595b64144ccf1df_6.0.26100.8972_none_3e0da176e32f9d4b\COMCTL32.dll
0x00007ffb2dc00000 - 0x00007ffb2dc2b000 	C:\WINDOWS\System32\GDI32.dll
0x00007ffb2dc30000 - 0x00007ffb2dcd9000 	C:\WINDOWS\System32\msvcrt.dll
0x00007ffb2c290000 - 0x00007ffb2c3b9000 	C:\WINDOWS\System32\gdi32full.dll
0x00007ffb2c1e0000 - 0x00007ffb2c283000 	C:\WINDOWS\System32\msvcp_win.dll
0x00007ffb2e260000 - 0x00007ffb2e292000 	C:\WINDOWS\System32\IMM32.DLL
0x00007ffb19910000 - 0x00007ffb1991c000 	C:\Program Files\Java\jdk-25.0.2\bin\vcruntime140_1.dll
0x00007ffae50b0000 - 0x00007ffae513d000 	C:\Program Files\Java\jdk-25.0.2\bin\msvcp140.dll
0x00007ffa750e0000 - 0x00007ffa75f3f000 	C:\Program Files\Java\jdk-25.0.2\bin\server\jvm.dll
0x00007ffb2da50000 - 0x00007ffb2db0c000 	C:\WINDOWS\System32\ADVAPI32.dll
0x00007ffb2e980000 - 0x00007ffb2ea2a000 	C:\WINDOWS\System32\sechost.dll
0x00007ffb2e2c0000 - 0x00007ffb2e3d8000 	C:\WINDOWS\System32\RPCRT4.dll
0x00007ffb2d690000 - 0x00007ffb2d712000 	C:\WINDOWS\System32\WS2_32.dll
0x00007ffb2bb10000 - 0x00007ffb2bb6e000 	C:\WINDOWS\SYSTEM32\POWRPROF.dll
0x00007ffb19130000 - 0x00007ffb1913b000 	C:\WINDOWS\SYSTEM32\VERSION.dll
0x00007ffb21280000 - 0x00007ffb212b6000 	C:\WINDOWS\SYSTEM32\WINMM.dll
0x00007ffb2baf0000 - 0x00007ffb2bb05000 	C:\WINDOWS\SYSTEM32\UMPDC.dll
0x00007ffb2a9a0000 - 0x00007ffb2a9bb000 	C:\WINDOWS\SYSTEM32\kernel.appcore.dll
0x00007ffb18c10000 - 0x00007ffb18c1a000 	C:\Program Files\Java\jdk-25.0.2\bin\jimage.dll
0x00007ffb29250000 - 0x00007ffb29492000 	C:\WINDOWS\SYSTEM32\DBGHELP.DLL
0x00007ffb2ddc0000 - 0x00007ffb2e145000 	C:\WINDOWS\System32\combase.dll
0x00007ffb2db20000 - 0x00007ffb2dbf9000 	C:\WINDOWS\System32\OLEAUT32.dll
0x00007ffb01d80000 - 0x00007ffb01dbb000 	C:\WINDOWS\SYSTEM32\dbgcore.DLL
0x00007ffb2be40000 - 0x00007ffb2beec000 	C:\WINDOWS\System32\bcryptPrimitives.dll
0x00007ffb0a6a0000 - 0x00007ffb0a6bf000 	C:\Program Files\Java\jdk-25.0.2\bin\java.dll
0x00007ffb2d4f0000 - 0x00007ffb2d689000 	C:\WINDOWS\System32\ole32.dll
0x00007ffb2ca50000 - 0x00007ffb2d1d8000 	C:\WINDOWS\System32\SHELL32.dll
0x00007ffb29730000 - 0x00007ffb29fcb000 	C:\WINDOWS\SYSTEM32\windows.storage.dll
0x00007ffb2e870000 - 0x00007ffb2e969000 	C:\WINDOWS\System32\SHCORE.dll
0x00007ffb2dd30000 - 0x00007ffb2dd96000 	C:\WINDOWS\System32\shlwapi.dll
0x00007ffb2bbd0000 - 0x00007ffb2bbf9000 	C:\WINDOWS\SYSTEM32\profapi.dll
0x00007ffb0a710000 - 0x00007ffb0a722000 	C:\Program Files\Java\jdk-25.0.2\bin\net.dll
0x00007ffb2af50000 - 0x00007ffb2afbc000 	C:\WINDOWS\system32\mswsock.dll
0x00007ffb0a6f0000 - 0x00007ffb0a706000 	C:\Program Files\Java\jdk-25.0.2\bin\nio.dll
0x00007ffb0a290000 - 0x00007ffb0a2a7000 	C:\Program Files\Java\jdk-25.0.2\bin\zip.dll
0x00007ffb00230000 - 0x00007ffb0023e000 	C:\Program Files\Java\jdk-25.0.2\bin\sunmscapi.dll
0x00007ffb2bcb0000 - 0x00007ffb2be2e000 	C:\WINDOWS\System32\CRYPT32.dll
0x00007ffb2b480000 - 0x00007ffb2b4b0000 	C:\WINDOWS\SYSTEM32\ncrypt.dll
0x00007ffb2b430000 - 0x00007ffb2b46f000 	C:\WINDOWS\SYSTEM32\NTASN1.dll
0x00007ffb2b240000 - 0x00007ffb2b25b000 	C:\WINDOWS\SYSTEM32\CRYPTSP.dll
0x00007ffb2a900000 - 0x00007ffb2a939000 	C:\WINDOWS\system32\rsaenh.dll
0x00007ffb2b000000 - 0x00007ffb2b032000 	C:\WINDOWS\SYSTEM32\USERENV.dll
0x00007ffb2bba0000 - 0x00007ffb2bbca000 	C:\WINDOWS\SYSTEM32\bcrypt.dll
0x00007ffb2b260000 - 0x00007ffb2b26c000 	C:\WINDOWS\SYSTEM32\CRYPTBASE.dll
0x00007ffb2a370000 - 0x00007ffb2a3a3000 	C:\WINDOWS\SYSTEM32\IPHLPAPI.DLL
0x00007ffb2e150000 - 0x00007ffb2e15a000 	C:\WINDOWS\System32\NSI.dll
0x00007ffb17020000 - 0x00007ffb17030000 	C:\Program Files\Java\jdk-25.0.2\bin\verify.dll
0x00007ffb2a410000 - 0x00007ffb2a568000 	C:\WINDOWS\SYSTEM32\DNSAPI.dll
0x00007ffb2ad50000 - 0x00007ffb2ad5d000 	C:\WINDOWS\SYSTEM32\DSPARSE.dll
0x00007ffb19710000 - 0x00007ffb1971b000 	C:\Windows\System32\rasadhlp.dll
0x00007ffb237b0000 - 0x00007ffb23836000 	C:\WINDOWS\System32\fwpuclnt.dll
0x00007ffb11260000 - 0x00007ffb11269000 	C:\Program Files\Java\jdk-25.0.2\bin\extnet.dll
0x00007ffb01bd0000 - 0x00007ffb01bda000 	C:\Program Files\Java\jdk-25.0.2\bin\management.dll
0x00007ffb00280000 - 0x00007ffb0028c000 	C:\Program Files\Java\jdk-25.0.2\bin\management_ext.dll
0x00007ffb2c7d0000 - 0x00007ffb2c7d8000 	C:\WINDOWS\System32\PSAPI.DLL

JVMTI agents: none

dbghelp: loaded successfully - version: 4.0.5 - missing functions: none
symbol engine: initialized successfully - sym options: 0x614 - pdb path: .;C:\Program Files\Java\jdk-25.0.2\bin;C:\WINDOWS\SYSTEM32;C:\WINDOWS\WinSxS\amd64_microsoft.windows.common-controls_6595b64144ccf1df_6.0.26100.8972_none_3e0da176e32f9d4b;C:\Program Files\Java\jdk-25.0.2\bin\server

VM Arguments:
java_command: usuario-service\build\libs\usuario-service-0.0.1-SNAPSHOT.jar
java_class_path (initial): usuario-service\build\libs\usuario-service-0.0.1-SNAPSHOT.jar
Launcher Type: SUN_STANDARD

[Global flags]
     intx CICompilerCount                          = 4                                         {product} {ergonomic}
     uint ConcGCThreads                            = 2                                         {product} {ergonomic}
     uint G1ConcRefinementThreads                  = 8                                         {product} {ergonomic}
   size_t G1HeapRegionSize                         = 4194304                                   {product} {ergonomic}
   size_t InitialHeapSize                          = 398458880                                 {product} {ergonomic}
   size_t MarkStackSize                            = 4194304                                   {product} {ergonomic}
   size_t MarkStackSizeMax                         = 536870912                                 {product} {ergonomic}
   size_t MaxHeapSize                              = 6362759168                                {product} {ergonomic}
   size_t MaxNewSize                               = 3816816640                                {product} {ergonomic}
   size_t MinHeapDeltaBytes                        = 4194304                                   {product} {ergonomic}
   size_t MinHeapSize                              = 8388608                                   {product} {ergonomic}
    uintx NonNMethodCodeHeapSize                   = 5832704                                {pd product} {ergonomic}
    uintx NonProfiledCodeHeapSize                  = 122945536                              {pd product} {ergonomic}
    uintx ProfiledCodeHeapSize                     = 122880000                              {pd product} {ergonomic}
    uintx ReservedCodeCacheSize                    = 251658240                              {pd product} {ergonomic}
     bool SegmentedCodeCache                       = true                                      {product} {ergonomic}
   size_t SoftMaxHeapSize                          = 6362759168                             {manageable} {ergonomic}
     bool UseCompressedOops                        = true                           {product lp64_product} {ergonomic}
     bool UseG1GC                                  = true                                      {product} {ergonomic}
     bool UseLargePagesIndividualAllocation        = false                                  {pd product} {ergonomic}

Logging:
Log output configuration:
 #0: stdout all=warning uptime,level,tags foldmultilines=false
 #1: stderr all=off uptime,level,tags foldmultilines=false

Release file:
IMPLEMENTOR="Oracle Corporation" 
JAVA_RUNTIME_VERSION="25.0.2+10-LTS-69" 
JAVA_VERSION="25.0.2" 
JAVA_VERSION_DATE="2026-01-20" 
LIBC="default" 
MODULES="java.base java.compiler java.datatransfer java.xml java.prefs java.desktop java.instrument java.logging java.management java.security.sasl java.naming java.rmi java.management.rmi java.net.http java.scripting java.security.jgss java.transaction.xa java.sql java.sql.rowset java.xml.crypto java.se java.smartcardio jdk.accessibility jdk.internal.jvmstat jdk.attach jdk.charsets jdk.internal.opt jdk.zipfs jdk.compiler jdk.crypto.cryptoki jdk.crypto.ec jdk.crypto.mscapi jdk.dynalink jdk.internal.ed jdk.editpad jdk.internal.vm.ci jdk.graal.compiler jdk.graal.compiler.management jdk.hotspot.agent jdk.httpserver jdk.incubator.vector jdk.internal.le jdk.internal.md jdk.jartool jdk.javadoc jdk.jcmd jdk.management jdk.management.agent jdk.jconsole jdk.jdeps jdk.jdwp.agent jdk.jdi jdk.jfr jdk.jlink jdk.jpackage jdk.jshell jdk.jsobject jdk.jstatd jdk.localedata jdk.management.jfr jdk.naming.dns jdk.naming.rmi jdk.net jdk.nio.mapmode jdk.sctp jdk.security.auth jdk.security.jgss jdk.unsupported jdk.unsupported.desktop jdk.xml.dom" 
OS_ARCH="x86_64" 
OS_NAME="Windows" 
SOURCE=".:git:b75efb40c93a open:git:405a5699ebd0" 

Environment Variables:
JAVA_HOME=C:\Program Files\Java\jdk-25.0.2
PATH=C:\Python313\Scripts\;C:\Python313\;C:\Program Files\Java\jdk-25.0.2\bin;C:\Program Files\Common Files\Oracle\Java\javapath;C:\Program Files (x86)\Common Files\Oracle\Java\java8path;C:\Program Files (x86)\Common Files\Oracle\Java\javapath;C:\WINDOWS\system32;C:\WINDOWS;C:\WINDOWS\System32\Wbem;C:\WINDOWS\System32\WindowsPowerShell\v1.0\;C:\WINDOWS\System32\OpenSSH\;C:\Program Files\PuTTY\;C:\Program Files\dotnet\;C:\Program Files\Git\cmd;C:\Program Files\GitHub CLI\;C:\Program Files\nodejs\;C:\ProgramData\chocolatey\bin;C:\Program Files\Vagrant\bin;C:\Program Files\Amazon\AWSCLIV2\;C:\Program Files\Docker\Docker\resources\bin;c:\Users\Asus\AppData\Local\Programs\cursor\resources\app\codeBin;C:\Program Files\Java\jdk-25.0.2\bin;C:\Users\Asus\AppData\Local\Microsoft\WindowsApps;C:\Program Files\MySQL\MySQL Server 8.0\bin;C:\Apache\Maven\apache-maven-3.9.9\bin;;C:\Program Files\JetBrains\IntelliJ IDEA 2025.1\bin;;C:\Users\Asus\AppData\Local\Programs\Microsoft VS Code\bin;C:\Users\Asus\AppData\Roaming\npm;C:\Users\Asus\AppData\Local\Programs\mongosh\;C:\Users\Asus\AppData\Local\Programs\cursor\resources\app\bin
USERNAME=Asus
TERM=dumb
OS=Windows_NT
PROCESSOR_IDENTIFIER=Intel64 Family 6 Model 140 Stepping 1, GenuineIntel
TMP=C:\Users\Asus\AppData\Local\Temp
TEMP=C:\Users\Asus\AppData\Local\Temp




Compilation memory statistics disabled.

Periodic native trim disabled

---------------  S Y S T E M  ---------------

OS:
 Windows 11 , 64 bit Build 26100 (10.0.26100.9168)
OS uptime: 27 days 12:49 hours
Hyper-V role detected

CPU: total 8 (initial active 8) (4 cores per cpu, 2 threads per core) family 6 model 140 stepping 1 microcode 0xa6, cx8, cmov, fxsr, ht, mmx, 3dnowpref, sse, sse2, sse3, ssse3, sse4.1, sse4.2, popcnt, lzcnt, tsc, tscinvbit, avx, avx2, aes, erms, clmul, bmi1, bmi2, adx, avx512f, avx512dq, avx512cd, avx512bw, avx512vl, sha, fma, vzeroupper, avx512_vpopcntdq, avx512_vpclmulqdq, avx512_vaes, avx512_vnni, clflush, clflushopt, clwb, avx512_vbmi2, avx512_vbmi, hv, rdtscp, rdpid, fsrm, gfni, avx512_bitalg, f16c, cet_ibt, cet_ss, avx512_ifma
Processor Information for the first 8 processors :
  Max Mhz: 2419, Current Mhz: 2419, Mhz Limit: 2419

Memory: 4k page, system-wide physical 24270M (662M free)
TotalPageFile size 48540M (AvailPageFile size 248M)
current process WorkingSet (physical memory assigned to process): 255M, peak: 317M
current process commit charge ("private bytes"): 285M, peak: 545M

vm_info: Java HotSpot(TM) 64-Bit Server VM (25.0.2+10-LTS-69) for windows-amd64 JRE (25.0.2+10-LTS-69), built on 2025-12-18T11:36:35Z with MS VC++ 17.13 (VS2022)

END.
