#
# There is insufficient memory for the Java Runtime Environment to continue.
# Native memory allocation (malloc) failed to allocate 13033304 bytes. Error detail: Chunk::new
# Possible reasons:
#   The system is out of physical RAM or swap space
#   This process is running with CompressedOops enabled, and the Java Heap may be blocking the growth of the native heap
# Possible solutions:
#   Reduce memory load on the system
#   Increase physical memory or swap space
#   Check if swap backing store is full
#   Decrease Java heap size (-Xmx/-Xms)
#   Decrease number of Java threads
#   Decrease Java thread stack sizes (-Xss)
#   Set larger code cache with -XX:ReservedCodeCacheSize=
#   JVM is running with Zero Based Compressed Oops mode in which the Java heap is
#     placed in the first 32GB address space. The Java Heap base address is the
#     maximum limit for the native heap growth. Please use -XX:HeapBaseMinAddress
#     to set the Java Heap base and to place the Java Heap above 32GB virtual address.
# This output file may be truncated or incomplete.
#
#  Out of Memory Error (arena.cpp:186), pid=52232, tid=13868
#
# JRE version: Java(TM) SE Runtime Environment (25.0.2+10) (build 25.0.2+10-LTS-69)
# Java VM: Java HotSpot(TM) 64-Bit Server VM (25.0.2+10-LTS-69, mixed mode, sharing, tiered, compressed oops, compressed class ptrs, g1 gc, windows-amd64)
# No core dump will be written. Minidumps are not enabled by default on client versions of Windows
#

---------------  S U M M A R Y ------------

Command Line: carrito-service\build\libs\carrito-service-0.0.1-SNAPSHOT.jar

Host: 11th Gen Intel(R) Core(TM) i5-1135G7 @ 2.40GHz, 8 cores, 23G,  Windows 11 , 64 bit Build 26100 (10.0.26100.9168)
Time: Tue Sep  8 20:01:02 2026 Hora verano Sudamérica Pacífico elapsed time: 22.488751 seconds (0d 0h 0m 22s)

---------------  T H R E A D  ---------------

Current thread (0x000001746abe7fd0):  JavaThread "C2 CompilerThread0" daemon [_thread_in_native, id=13868, stack(0x00000050bde00000,0x00000050bdf00000) (1024K)]


Current CompileTask:
C2:22488 4390       4       org.springframework.beans.factory.support.AbstractBeanFactory::isTypeMatch (745 bytes)

Stack: [0x00000050bde00000,0x00000050bdf00000]
Native frames: (J=compiled Java code, j=interpreted, Vv=VM code, C=native code)
V  [jvm.dll+0x7a70f9]  (no source info available)
V  [jvm.dll+0x772d6d]  (no source info available)
V  [jvm.dll+0x965d53]  (no source info available)
V  [jvm.dll+0x968351]  (no source info available)
V  [jvm.dll+0x968a63]  (no source info available)
V  [jvm.dll+0x2fc846]  (no source info available)
V  [jvm.dll+0x111b16]  (no source info available)
V  [jvm.dll+0x111e3e]  (no source info available)
V  [jvm.dll+0x1a0872]  (no source info available)
V  [jvm.dll+0x3b54c2]  (no source info available)
V  [jvm.dll+0x7aca8f]  (no source info available)
V  [jvm.dll+0x2c0b97]  (no source info available)
V  [jvm.dll+0x2bfb5f]  (no source info available)
V  [jvm.dll+0x2379a0]  (no source info available)
V  [jvm.dll+0x2cfc86]  (no source info available)
V  [jvm.dll+0x2cdf05]  (no source info available)
V  [jvm.dll+0x48e9d1]  (no source info available)
V  [jvm.dll+0x906fcd]  (no source info available)
V  [jvm.dll+0x7a56d5]  (no source info available)
C  [ucrtbase.dll+0x2cd30]  (no source info available)
C  [KERNEL32.DLL+0x2ccb7]  (no source info available)
C  [ntdll.dll+0xaad6c]  (no source info available)

Lock stack of current Java thread (top to bottom):


---------------  P R O C E S S  ---------------

Threads class SMR info:
_java_thread_list=0x000001747080a750, length=12, elements={
0x0000017446fa5f40, 0x000001746abd9f00, 0x000001746abda810, 0x000001746abded80,
0x000001746abdf940, 0x000001746abe0500, 0x000001746abe30d0, 0x000001746abe7fd0,
0x000001746abef050, 0x000001746f02b790, 0x000001746f02ff60, 0x000001746f943b70
}

Java Threads: ( => current thread )
  0x0000017446fa5f40 JavaThread "main"                              [_thread_in_vm, id=24632, stack(0x00000050bd000000,0x00000050bd100000) (1024K)]
  0x000001746abd9f00 JavaThread "Reference Handler"          daemon [_thread_blocked, id=61220, stack(0x00000050bd800000,0x00000050bd900000) (1024K)]
  0x000001746abda810 JavaThread "Finalizer"                  daemon [_thread_blocked, id=46036, stack(0x00000050bd900000,0x00000050bda00000) (1024K)]
  0x000001746abded80 JavaThread "Signal Dispatcher"          daemon [_thread_blocked, id=60680, stack(0x00000050bda00000,0x00000050bdb00000) (1024K)]
  0x000001746abdf940 JavaThread "Attach Listener"            daemon [_thread_blocked, id=13228, stack(0x00000050bdb00000,0x00000050bdc00000) (1024K)]
  0x000001746abe0500 JavaThread "Service Thread"             daemon [_thread_blocked, id=62444, stack(0x00000050bdc00000,0x00000050bdd00000) (1024K)]
  0x000001746abe30d0 JavaThread "Monitor Deflation Thread"   daemon [_thread_blocked, id=61448, stack(0x00000050bdd00000,0x00000050bde00000) (1024K)]
=>0x000001746abe7fd0 JavaThread "C2 CompilerThread0"         daemon [_thread_in_native, id=13868, stack(0x00000050bde00000,0x00000050bdf00000) (1024K)]
  0x000001746abef050 JavaThread "C1 CompilerThread0"         daemon [_thread_blocked, id=50808, stack(0x00000050bdf00000,0x00000050be000000) (1024K)]
  0x000001746f02b790 JavaThread "Notification Thread"        daemon [_thread_blocked, id=47984, stack(0x00000050be000000,0x00000050be100000) (1024K)]
  0x000001746f02ff60 JavaThread "Common-Cleaner"             daemon [_thread_blocked, id=53596, stack(0x00000050be100000,0x00000050be200000) (1024K)]
  0x000001746f943b70 JavaThread "Cleaner-0"                  daemon [_thread_blocked, id=32676, stack(0x00000050be200000,0x00000050be300000) (1024K)]
Total: 12

Other Threads:
  0x000001746abc3ed0 VMThread "VM Thread"                           [id=26916, stack(0x00000050bd700000,0x00000050bd800000) (1024K)]
  0x000001746abafe50 WatcherThread "VM Periodic Task Thread"        [id=32168, stack(0x00000050bd600000,0x00000050bd700000) (1024K)]
  0x000001744933ae00 WorkerThread "GC Thread#0"                     [id=61148, stack(0x00000050bd100000,0x00000050bd200000) (1024K)]
  0x000001746ffe74e0 WorkerThread "GC Thread#1"                     [id=26176, stack(0x00000050be300000,0x00000050be400000) (1024K)]
  0x000001746ffe7910 WorkerThread "GC Thread#2"                     [id=51820, stack(0x00000050be400000,0x00000050be500000) (1024K)]
  0x000001746ffe7d40 WorkerThread "GC Thread#3"                     [id=62144, stack(0x00000050be500000,0x00000050be600000) (1024K)]
  0x000001746ffe8170 WorkerThread "GC Thread#4"                     [id=50904, stack(0x00000050be600000,0x00000050be700000) (1024K)]
  0x000001746ffe89b0 WorkerThread "GC Thread#5"                     [id=15172, stack(0x00000050be700000,0x00000050be800000) (1024K)]
  0x000001746fbc17c0 WorkerThread "GC Thread#6"                     [id=60260, stack(0x00000050be800000,0x00000050be900000) (1024K)]
  0x000001746fbc1bf0 WorkerThread "GC Thread#7"                     [id=57604, stack(0x00000050be900000,0x00000050bea00000) (1024K)]
  0x0000017449350950 ConcurrentGCThread "G1 Main Marker"            [id=3960, stack(0x00000050bd200000,0x00000050bd300000) (1024K)]
  0x00000174493512f0 WorkerThread "G1 Conc#0"                       [id=57592, stack(0x00000050bd300000,0x00000050bd400000) (1024K)]
  0x00000174702bc450 WorkerThread "G1 Conc#1"                       [id=41784, stack(0x00000050bea00000,0x00000050beb00000) (1024K)]
  0x000001746aa789b0 ConcurrentGCThread "G1 Refine#0"               [id=50568, stack(0x00000050bd400000,0x00000050bd500000) (1024K)]
  0x000001746aa793c0 ConcurrentGCThread "G1 Service"                [id=8280, stack(0x00000050bd500000,0x00000050bd600000) (1024K)]
Total: 15

Threads with active compile tasks:
C2 CompilerThread0  22959 4390       4       org.springframework.beans.factory.support.AbstractBeanFactory::isTypeMatch (745 bytes)
Total: 1

VM state: not at safepoint (normal execution)

VM Mutex/Monitor currently owned by a thread:  ([mutex/lock_event])
[0x00007ffa75e573e8] Metaspace_lock - owner thread: 0x0000017446fa5f40

Heap address: 0x0000000684c00000, size: 6068 MB, Compressed Oops mode: Zero based, Oop shift amount: 3

CDS archive(s) mapped at: [0x0000000012000000-0x0000000012dd0000-0x0000000012dd0000), size 14483456, SharedBaseAddress: 0x0000000012000000, ArchiveRelocationMode: 1.
Compressed class space mapped at: 0x0000000013000000-0x0000000053000000, reserved size: 1073741824
UseCompressedClassPointers 1, UseCompactObjectHeaders 0
Narrow klass pointer bits 32, Max shift 3
Narrow klass base: 0x0000000012000000, Narrow klass shift: 0
Encoding Range: [0x0000000012000000 - 0x0000000112000000), (4294967296 bytes)
Klass Range:    [0x0000000012010000 - 0x0000000053000000), (1090453504 bytes)
Klass ID Range:  [65536 - 1090519033) (1090453497)
Protection zone: [0x0000000012000000 - 0x0000000012010000), (65536 bytes)

GC Precious Log:
 CardTable entry size: 512
 Card Set container configuration: InlinePtr #cards 4 size 8 Array Of Cards #cards 32 size 80 Howl #buckets 8 coarsen threshold 7372 Howl Bitmap #cards 1024 size 144 coarsen threshold 921 Card regions per heap region 1 cards per card region 8192
 CPUs: 8 total, 8 available
 Memory: 24270M
 Large Page Support: Disabled
 NUMA Support: Disabled
 Compressed Oops: Enabled (Zero based)
 Heap Region Size: 4M
 Heap Min Capacity: 8M
 Heap Initial Capacity: 380M
 Heap Max Capacity: 6068M
 Pre-touch: Disabled
 Parallel Workers: 8
 Concurrent Workers: 2
 Concurrent Refinement Workers: 8
 Periodic GC: Disabled

Heap:
 garbage-first heap   total reserved 6213632K, committed 69632K, used 14266K [0x0000000684c00000, 0x0000000800000000)
  region size 4096K, 2 young (8192K), 1 survivors (4096K)

Heap Regions: E=young(eden), S=young(survivor), O=old, HS=humongous(starts), HC=humongous(continues), CS=collection set, F=free, TAMS=top-at-mark-start, PB=parsable bottom
|   0|0x0000000684c00000, 0x0000000685000000, 0x0000000685000000|100%| O|  |TAMS 0x0000000684c00000| PB 0x0000000684c00000| Untracked |  0
|   1|0x0000000685000000, 0x0000000685400000, 0x0000000685400000|100%| O|  |TAMS 0x0000000685000000| PB 0x0000000685000000| Untracked |  0
|   2|0x0000000685400000, 0x00000006855eebe0, 0x0000000685800000| 48%| O|  |TAMS 0x0000000685400000| PB 0x0000000685400000| Untracked |  0
|   3|0x0000000685800000, 0x0000000685800000, 0x0000000685c00000|  0%| F|  |TAMS 0x0000000685800000| PB 0x0000000685800000| Untracked |  0
|   4|0x0000000685c00000, 0x0000000685c00000, 0x0000000686000000|  0%| F|  |TAMS 0x0000000685c00000| PB 0x0000000685c00000| Untracked |  0
|   5|0x0000000686000000, 0x0000000686000000, 0x0000000686400000|  0%| F|  |TAMS 0x0000000686000000| PB 0x0000000686000000| Untracked |  0
|   6|0x0000000686400000, 0x0000000686400000, 0x0000000686800000|  0%| F|  |TAMS 0x0000000686400000| PB 0x0000000686400000| Untracked |  0
|   7|0x0000000686800000, 0x0000000686800000, 0x0000000686c00000|  0%| F|  |TAMS 0x0000000686800000| PB 0x0000000686800000| Untracked |  0
|   8|0x0000000686c00000, 0x0000000687000000, 0x0000000687000000|100%| S|CS|TAMS 0x0000000686c00000| PB 0x0000000686c00000| Complete |  0
|   9|0x0000000687000000, 0x0000000687000000, 0x0000000687400000|  0%| F|  |TAMS 0x0000000687000000| PB 0x0000000687000000| Untracked |  0
|  10|0x0000000687400000, 0x0000000687400000, 0x0000000687800000|  0%| F|  |TAMS 0x0000000687400000| PB 0x0000000687400000| Untracked |  0
|  11|0x0000000687800000, 0x0000000687800000, 0x0000000687c00000|  0%| F|  |TAMS 0x0000000687800000| PB 0x0000000687800000| Untracked |  0
|  83|0x0000000699800000, 0x0000000699800000, 0x0000000699c00000|  0%| F|  |TAMS 0x0000000699800000| PB 0x0000000699800000| Untracked |  0
|  84|0x0000000699c00000, 0x0000000699c00000, 0x000000069a000000|  0%| F|  |TAMS 0x0000000699c00000| PB 0x0000000699c00000| Untracked |  0
|  85|0x000000069a000000, 0x000000069a000000, 0x000000069a400000|  0%| F|  |TAMS 0x000000069a000000| PB 0x000000069a000000| Untracked |  0
|  94|0x000000069c400000, 0x000000069c400000, 0x000000069c800000|  0%| F|  |TAMS 0x000000069c400000| PB 0x000000069c400000| Untracked |  0
|1516|0x00000007ffc00000, 0x00000007ffc9a7e8, 0x0000000800000000| 15%| E|  |TAMS 0x00000007ffc00000| PB 0x00000007ffc00000| Complete |  0

Card table byte_map: [0x0000017461a50000,0x0000017462630000] _byte_map_base: 0x000001745e62a000

Marking Bits: (CMBitMap*) 0x000001744933e3b0
 Bits: [0x0000017462630000, 0x0000017468500000)

Polling page: 0x0000017447350000

Metaspace:
Metaspace        used 28378K, committed 28608K, reserved 1114112K
 class space     used 3746K, committed 3840K, reserved 1048576K

Usage:
  Non-class:     24.05 MB used.
      Class:      3.66 MB used.
       Both:     27.71 MB used.

Virtual space:
  Non-class space:       64.00 MB reserved,      24.19 MB ( 38%) committed,  1 nodes.
      Class space:        1.00 GB reserved,       3.75 MB ( <1%) committed,  1 nodes.
             Both:        1.06 GB reserved,      27.94 MB (  3%) committed. 

Chunk freelists:
   Non-Class:  7.42 MB
       Class:  12.25 MB
        Both:  19.67 MB

MaxMetaspaceSize: unlimited
CompressedClassSpaceSize: 1.00 GB
Initial GC threshold: 21.00 MB
Current GC threshold: 35.31 MB
CDS: on
 - commit_granule_bytes: 65536.
 - commit_granule_words: 8192.
 - virtual_space_node_default_size: 8388608.
 - enlarge_chunks_in_place: 1.
UseCompressedClassPointers 1, UseCompactObjectHeaders 0
Narrow klass pointer bits 32, Max shift 3
Narrow klass base: 0x0000000012000000, Narrow klass shift: 0
Encoding Range: [0x0000000012000000 - 0x0000000112000000), (4294967296 bytes)
Klass Range:    [0x0000000012010000 - 0x0000000053000000), (1090453504 bytes)
Klass ID Range:  [65536 - 1090519033) (1090453497)
Protection zone: [0x0000000012000000 - 0x0000000012010000), (65536 bytes)


Internal statistics:

num_allocs_failed_limit: 3.
num_arena_births: 272.
num_arena_deaths: 0.
num_vsnodes_births: 2.
num_vsnodes_deaths: 0.
num_space_committed: 447.
num_space_uncommitted: 0.
num_chunks_returned_to_freelist: 3.
num_chunks_taken_from_freelist: 1283.
num_chunk_merges: 3.
num_chunk_splits: 898.
num_chunks_enlarged: 731.
num_inconsistent_stats: 0.

CodeHeap 'non-profiled nmethods': size=120064Kb used=2095Kb max_used=2095Kb free=117968Kb
 bounds [0x0000017459600000, 0x0000017459870000, 0x0000017460b40000]
CodeHeap 'profiled nmethods': size=120000Kb used=7389Kb max_used=7389Kb free=112610Kb
 bounds [0x0000017451b40000, 0x0000017452280000, 0x0000017459070000]
CodeHeap 'non-nmethods': size=5696Kb used=1587Kb max_used=1688Kb free=4108Kb
 bounds [0x0000017459070000, 0x00000174592e0000, 0x0000017459600000]
CodeCache: size=245760Kb, used=11071Kb, max_used=11172Kb, free=234686Kb
 total_blobs=5007, nmethods=4435, adapters=474, full_count=0
Compilation: enabled, stopped_count=0, restarted_count=0

Compilation events (20 events):
Event: 21.099 Thread 0x000001746abef050 4425       3       java.nio.ByteBuffer::arrayOffset (35 bytes)
Event: 21.099 Thread 0x000001746abef050 nmethod 4425 0x000001745226f908 code [0x000001745226fa00, 0x000001745226fcc0]
Event: 21.378 Thread 0x000001746abef050 4426       3       java.nio.charset.CoderResult::isUnderflow (13 bytes)
Event: 21.378 Thread 0x000001746abef050 nmethod 4426 0x000001745226fd08 code [0x000001745226fe00, 0x000001745226ff58]
Event: 21.482 Thread 0x000001746abef050 4428       3       java.io.File::isInvalid (47 bytes)
Event: 22.380 Thread 0x000001746abef050 nmethod 4428 0x0000017452270008 code [0x0000017452270100, 0x00000174522703a8]
Event: 22.380 Thread 0x000001746abef050 4430       3       java.io.WinNTFileSystem::getBooleanAttributes (10 bytes)
Event: 22.381 Thread 0x000001746abef050 nmethod 4430 0x0000017452270408 code [0x0000017452270500, 0x0000017452270908]
Event: 22.383 Thread 0x000001746abef050 4431       3       java.io.File::exists (18 bytes)
Event: 22.384 Thread 0x000001746abef050 nmethod 4431 0x0000017452270988 code [0x0000017452270a80, 0x0000017452271148]
Event: 22.384 Thread 0x000001746abef050 4432       3       java.io.File::getName (42 bytes)
Event: 22.384 Thread 0x000001746abef050 nmethod 4432 0x0000017452271188 code [0x0000017452271280, 0x00000174522720c8]
Event: 22.385 Thread 0x000001746abef050 4434   !   3       java.io.WinNTFileSystem::isInvalid (90 bytes)
Event: 22.386 Thread 0x000001746abef050 nmethod 4434 0x0000017452272108 code [0x0000017452272200, 0x0000017452272c78]
Event: 22.386 Thread 0x000001746abef050 4437       3       java.io.WinNTFileSystem::resolve (349 bytes)
Event: 22.388 Thread 0x000001746abef050 nmethod 4437 0x0000017452272d08 code [0x0000017452272e00, 0x0000017452276690]
Event: 22.388 Thread 0x000001746abef050 4438       3       java.io.File::<init> (111 bytes)
Event: 22.389 Thread 0x000001746abef050 nmethod 4438 0x0000017452276708 code [0x0000017452276800, 0x00000174522776a0]
Event: 22.389 Thread 0x000001746abef050 4436       1       jdk.internal.loader.ClassLoaderHelper::mapAlternativeName (2 bytes)
Event: 22.389 Thread 0x000001746abef050 nmethod 4436 0x000001745980bc08 code [0x000001745980bd00, 0x000001745980bdb0]

GC Heap Usage History (12 events):
Event: 3.338 {heap Before GC invocations=0 (full 0):
 garbage-first heap   total reserved 6213632K, committed 393216K, used 50325K [0x0000000684c00000, 0x0000000800000000)
  region size 4096K, 12 young (49152K), 0 survivors (0K)
}
Event: 3.416 {heap After GC invocations=1 (full 0):
 garbage-first heap   total reserved 6213632K, committed 393216K, used 3788K [0x0000000684c00000, 0x0000000800000000)
  region size 4096K, 1 young (4096K), 1 survivors (4096K)
}
Event: 9.642 {heap Before GC invocations=1 (full 0):
 garbage-first heap   total reserved 6213632K, committed 393216K, used 179916K [0x0000000684c00000, 0x0000000800000000)
  region size 4096K, 44 young (180224K), 1 survivors (4096K)
}
Event: 9.655 {heap After GC invocations=2 (full 0):
 garbage-first heap   total reserved 6213632K, committed 393216K, used 9250K [0x0000000684c00000, 0x0000000800000000)
  region size 4096K, 2 young (8192K), 2 survivors (8192K)
}
Event: 11.764 {heap Before GC invocations=2 (full 0):
 garbage-first heap   total reserved 6213632K, committed 393216K, used 42018K [0x0000000684c00000, 0x0000000800000000)
  region size 4096K, 11 young (45056K), 2 survivors (8192K)
}
Event: 11.772 {heap After GC invocations=3 (full 0):
 garbage-first heap   total reserved 6213632K, committed 393216K, used 11212K [0x0000000684c00000, 0x0000000800000000)
  region size 4096K, 3 young (12288K), 3 survivors (12288K)
}
Event: 14.206 {heap Before GC invocations=4 (full 0):
 garbage-first heap   total reserved 6213632K, committed 57344K, used 52172K [0x0000000684c00000, 0x0000000800000000)
  region size 4096K, 13 young (53248K), 3 survivors (12288K)
}
Event: 14.223 {heap After GC invocations=5 (full 0):
 garbage-first heap   total reserved 6213632K, committed 69632K, used 12019K [0x0000000684c00000, 0x0000000800000000)
  region size 4096K, 3 young (12288K), 3 survivors (12288K)
}
Event: 15.399 {heap Before GC invocations=5 (full 0):
 garbage-first heap   total reserved 6213632K, committed 69632K, used 40691K [0x0000000684c00000, 0x0000000800000000)
  region size 4096K, 10 young (40960K), 3 survivors (12288K)
}
Event: 15.423 {heap After GC invocations=6 (full 0):
 garbage-first heap   total reserved 6213632K, committed 69632K, used 12546K [0x0000000684c00000, 0x0000000800000000)
  region size 4096K, 1 young (4096K), 1 survivors (4096K)
}
Event: 17.974 {heap Before GC invocations=6 (full 0):
 garbage-first heap   total reserved 6213632K, committed 69632K, used 49410K [0x0000000684c00000, 0x0000000800000000)
  region size 4096K, 10 young (40960K), 1 survivors (4096K)
}
Event: 17.988 {heap After GC invocations=7 (full 0):
 garbage-first heap   total reserved 6213632K, committed 69632K, used 13517K [0x0000000684c00000, 0x0000000800000000)
  region size 4096K, 2 young (8192K), 2 survivors (8192K)
}

Metaspace Usage History (12 events):
Event: 3.338 {metaspace Before GC invocations=0 (full 0):
 Metaspace       used 4393K, committed 4544K, reserved 1114112K
  class space    used 485K, committed 576K, reserved 1048576K
}
Event: 3.416 {metaspace After GC invocations=1 (full 0):
 Metaspace       used 4393K, committed 4544K, reserved 1114112K
  class space    used 485K, committed 576K, reserved 1048576K
}
Event: 9.642 {metaspace Before GC invocations=1 (full 0):
 Metaspace       used 19772K, committed 20032K, reserved 1114112K
  class space    used 2570K, committed 2688K, reserved 1048576K
}
Event: 9.655 {metaspace After GC invocations=2 (full 0):
 Metaspace       used 19772K, committed 20032K, reserved 1114112K
  class space    used 2570K, committed 2688K, reserved 1048576K
}
Event: 11.764 {metaspace Before GC invocations=2 (full 0):
 Metaspace       used 21263K, committed 21504K, reserved 1114112K
  class space    used 2764K, committed 2880K, reserved 1048576K
}
Event: 11.772 {metaspace After GC invocations=3 (full 0):
 Metaspace       used 21263K, committed 21504K, reserved 1114112K
  class space    used 2764K, committed 2880K, reserved 1048576K
}
Event: 14.206 {metaspace Before GC invocations=4 (full 0):
 Metaspace       used 22541K, committed 22848K, reserved 1114112K
  class space    used 2947K, committed 3072K, reserved 1048576K
}
Event: 14.223 {metaspace After GC invocations=5 (full 0):
 Metaspace       used 22541K, committed 22848K, reserved 1114112K
  class space    used 2947K, committed 3072K, reserved 1048576K
}
Event: 15.399 {metaspace Before GC invocations=5 (full 0):
 Metaspace       used 24190K, committed 24512K, reserved 1114112K
  class space    used 3134K, committed 3264K, reserved 1048576K
}
Event: 15.423 {metaspace After GC invocations=6 (full 0):
 Metaspace       used 24190K, committed 24512K, reserved 1114112K
  class space    used 3134K, committed 3264K, reserved 1048576K
}
Event: 17.974 {metaspace Before GC invocations=6 (full 0):
 Metaspace       used 26223K, committed 26560K, reserved 1114112K
  class space    used 3438K, committed 3584K, reserved 1048576K
}
Event: 17.988 {metaspace After GC invocations=7 (full 0):
 Metaspace       used 26223K, committed 26560K, reserved 1114112K
  class space    used 3438K, committed 3584K, reserved 1048576K
}

Dll operation events (6 events):
Event: 0.071 Loaded shared library C:\Program Files\Java\jdk-25.0.2\bin\java.dll
Event: 0.307 Loaded shared library C:\Program Files\Java\jdk-25.0.2\bin\net.dll
Event: 0.318 Loaded shared library C:\Program Files\Java\jdk-25.0.2\bin\nio.dll
Event: 0.327 Loaded shared library C:\Program Files\Java\jdk-25.0.2\bin\zip.dll
Event: 0.598 Loaded shared library C:\Program Files\Java\jdk-25.0.2\bin\jimage.dll
Event: 10.057 Loaded shared library C:\Program Files\Java\jdk-25.0.2\bin\sunmscapi.dll

Deoptimization events (20 events):
Event: 20.402 Thread 0x0000017446fa5f40 Uncommon trap: trap_request=0xffffff45 fr.pc=0x00000174597c5f48 relative=0x00000000000000c8
Event: 20.402 Thread 0x0000017446fa5f40 Uncommon trap: reason=unstable_if action=reinterpret pc=0x00000174597c5f48 method=org.springframework.core.ResolvableType.isUnresolvableTypeVariable()Z @ 9 c2
Event: 20.402 Thread 0x0000017446fa5f40 DEOPT PACKING pc=0x00000174597c5f48 sp=0x00000050bd0fcb00
Event: 20.402 Thread 0x0000017446fa5f40 DEOPT UNPACKING pc=0x0000017459107002 sp=0x00000050bd0fca90 mode 2
Event: 20.449 Thread 0x0000017446fa5f40 Uncommon trap: trap_request=0xffffff45 fr.pc=0x000001745975f5c0 relative=0x0000000000000640
Event: 20.449 Thread 0x0000017446fa5f40 Uncommon trap: reason=unstable_if action=reinterpret pc=0x000001745975f5c0 method=org.springframework.util.ConcurrentReferenceHashMap$Segment.findInChain(Lorg/springframework/util/ConcurrentReferenceHashMap$Reference;Ljava/lang/Object;I)Lorg/springframewo
Event: 20.449 Thread 0x0000017446fa5f40 DEOPT PACKING pc=0x000001745975f5c0 sp=0x00000050bd0fcc90
Event: 20.449 Thread 0x0000017446fa5f40 DEOPT UNPACKING pc=0x0000017459107002 sp=0x00000050bd0fcac8 mode 2
Event: 20.449 Thread 0x0000017446fa5f40 Uncommon trap: trap_request=0xffffff45 fr.pc=0x0000017459757968 relative=0x00000000000001e8
Event: 20.449 Thread 0x0000017446fa5f40 Uncommon trap: reason=unstable_if action=reinterpret pc=0x0000017459757968 method=org.springframework.util.ConcurrentReferenceHashMap$Segment.findInChain(Lorg/springframework/util/ConcurrentReferenceHashMap$Reference;Ljava/lang/Object;I)Lorg/springframewo
Event: 20.449 Thread 0x0000017446fa5f40 DEOPT PACKING pc=0x0000017459757968 sp=0x00000050bd0fca50
Event: 20.449 Thread 0x0000017446fa5f40 DEOPT UNPACKING pc=0x0000017459107002 sp=0x00000050bd0fc9d8 mode 2
Event: 20.889 Thread 0x0000017446fa5f40 Uncommon trap: trap_request=0xffffffbe fr.pc=0x00000174597d0ae8 relative=0x0000000000000c68
Event: 20.889 Thread 0x0000017446fa5f40 Uncommon trap: reason=profile_predicate action=maybe_recompile pc=0x00000174597d0ae8 method=java.util.Properties.load0(Ljava/util/Properties$LineReader;)V @ 29 c2
Event: 20.889 Thread 0x0000017446fa5f40 DEOPT PACKING pc=0x00000174597d0ae8 sp=0x00000050bd0fce20
Event: 20.889 Thread 0x0000017446fa5f40 DEOPT UNPACKING pc=0x0000017459107002 sp=0x00000050bd0fcde8 mode 2
Event: 20.890 Thread 0x0000017446fa5f40 Uncommon trap: trap_request=0xffffffbe fr.pc=0x00000174597d0ae8 relative=0x0000000000000c68
Event: 20.890 Thread 0x0000017446fa5f40 Uncommon trap: reason=profile_predicate action=maybe_recompile pc=0x00000174597d0ae8 method=java.util.Properties.load0(Ljava/util/Properties$LineReader;)V @ 29 c2
Event: 20.890 Thread 0x0000017446fa5f40 DEOPT PACKING pc=0x00000174597d0ae8 sp=0x00000050bd0fce20
Event: 20.890 Thread 0x0000017446fa5f40 DEOPT UNPACKING pc=0x0000017459107002 sp=0x00000050bd0fcde8 mode 2

Classes loaded (20 events):
Event: 19.162 Loading class javax/naming/NameNotFoundException
Event: 19.162 Loading class javax/naming/NameNotFoundException done
Event: 19.576 Loading class java/lang/Class$EnclosingMethodInfo
Event: 19.576 Loading class java/lang/Class$EnclosingMethodInfo done
Event: 20.464 Loading class java/io/ObjectInputStream
Event: 20.464 Loading class java/io/ObjectInput
Event: 20.464 Loading class java/io/ObjectInput done
Event: 20.464 Loading class java/io/ObjectStreamConstants
Event: 20.465 Loading class java/io/ObjectStreamConstants done
Event: 20.465 Loading class java/io/ObjectInputStream done
Event: 20.465 Loading class java/io/ObjectOutputStream
Event: 20.465 Loading class java/io/ObjectOutput
Event: 20.465 Loading class java/io/ObjectOutput done
Event: 20.466 Loading class java/io/ObjectOutputStream done
Event: 20.705 Loading class java/text/MessageFormat
Event: 20.705 Loading class java/text/MessageFormat done
Event: 20.883 Loading class java/lang/UnsatisfiedLinkError
Event: 20.883 Loading class java/lang/UnsatisfiedLinkError done
Event: 22.388 Loading class java/text/StringBufFactory$StringBufferImpl
Event: 22.388 Loading class java/text/StringBufFactory$StringBufferImpl done

Classes unloaded (0 events):
No events

Classes redefined (0 events):
No events

Internal exceptions (20 events):
Event: 9.453 Thread 0x0000017470138010 Exception <a 'java/lang/NoSuchMethodError'{0x00000006927ab668}: 'java.lang.Object java.lang.invoke.Invokers$Holder.linkToTargetMethod(java.lang.Object, java.lang.Object, int, java.lang.Object)'> (0x00000006927ab668) 
thrown [s\open\src\hotspot\share\interpreter\linkResolver.cpp, line 804]
Event: 9.535 Thread 0x0000017470138010 Implicit null exception at 0x0000017459734513 to 0x0000017459734dd8
Event: 9.835 Thread 0x0000017446fa5f40 Exception <a 'java/lang/IncompatibleClassChangeError'{0x000000069c205e50}: Found class java.lang.Object, but interface was expected> (0x000000069c205e50) 
thrown [s\open\src\hotspot\share\interpreter\linkResolver.cpp, line 871]
Event: 11.763 Thread 0x0000017446fa5f40 Exception <a 'java/lang/NoSuchMethodError'{0x000000069a554170}: 'void java.lang.invoke.DirectMethodHandle$Holder.invokeVirtual(java.lang.Object, java.lang.Object, int)'> (0x000000069a554170) 
thrown [s\open\src\hotspot\share\interpreter\linkResolver.cpp, line 804]
Event: 11.826 Thread 0x0000017446fa5f40 Exception <a 'java/lang/NoSuchMethodError'{0x000000069c410d28}: 'java.lang.Object java.lang.invoke.DirectMethodHandle$Holder.invokeStatic(java.lang.Object, java.lang.Object, java.lang.Object, java.lang.Object, int)'> (0x000000069c410d28) 
thrown [s\open\src\hotspot\share\interpreter\linkResolver.cpp, line 804]
Event: 11.846 Thread 0x0000017446fa5f40 Exception <a 'java/lang/NoSuchMethodError'{0x000000069c429708}: 'void java.lang.invoke.DelegatingMethodHandle$Holder.reinvoke_L(java.lang.Object, java.lang.Object, int)'> (0x000000069c429708) 
thrown [s\open\src\hotspot\share\interpreter\linkResolver.cpp, line 804]
Event: 18.192 Thread 0x0000017446fa5f40 Exception <a 'java/lang/NoSuchMethodError'{0x00000007ffe29740}: 'void java.lang.invoke.Invokers$Holder.invokeExact_MT(java.lang.Object, java.lang.Object, java.lang.Object)'> (0x00000007ffe29740) 
thrown [s\open\src\hotspot\share\interpreter\linkResolver.cpp, line 804]
Event: 18.427 Thread 0x0000017446fa5f40 Exception <a 'java/lang/NoSuchMethodError'{0x000000069c40ee28}: 'java.lang.Object java.lang.invoke.DirectMethodHandle$Holder.newInvokeSpecial(java.lang.Object, java.lang.Object, java.lang.Object, java.lang.Object, java.lang.Object, java.lang.Object)'> (0x000000069c40ee28) 
thrown [s\open\src\hotspot\share\interpreter\linkResolver.cpp, line 804]
Event: 18.536 Thread 0x0000017446fa5f40 Exception <a 'java/lang/NoClassDefFoundError'{0x000000069c5bb758}: org/flywaydb/core/Flyway> (0x000000069c5bb758) 
thrown [s\open\src\hotspot\share\classfile\systemDictionary.cpp, line 316]
Event: 18.537 Thread 0x0000017446fa5f40 Exception <a 'java/lang/NoClassDefFoundError'{0x000000069c5cf6d8}: liquibase/integration/spring/SpringLiquibase> (0x000000069c5cf6d8) 
thrown [s\open\src\hotspot\share\classfile\systemDictionary.cpp, line 316]
Event: 18.918 Thread 0x0000017446fa5f40 Exception <a 'java/lang/NoClassDefFoundError'{0x000000069a1564c0}: org/jooq/DSLContext> (0x000000069a1564c0) 
thrown [s\open\src\hotspot\share\classfile\systemDictionary.cpp, line 316]
Event: 18.921 Thread 0x0000017446fa5f40 Exception <a 'java/lang/NoClassDefFoundError'{0x000000069a1761b8}: org/springframework/batch/core/repository/JobRepository> (0x000000069a1761b8) 
thrown [s\open\src\hotspot\share\classfile\systemDictionary.cpp, line 316]
Event: 18.922 Thread 0x0000017446fa5f40 Exception <a 'java/lang/NoClassDefFoundError'{0x000000069a188e90}: org/quartz/Scheduler> (0x000000069a188e90) 
thrown [s\open\src\hotspot\share\classfile\systemDictionary.cpp, line 316]
Event: 18.922 Thread 0x0000017446fa5f40 Exception <a 'java/lang/NoClassDefFoundError'{0x000000069a19d4c8}: org/springframework/session/jdbc/JdbcIndexedSessionRepository> (0x000000069a19d4c8) 
thrown [s\open\src\hotspot\share\classfile\systemDictionary.cpp, line 316]
Event: 19.252 Thread 0x0000017446fa5f40 Exception <a 'java/lang/NoSuchMethodError'{0x000000069a3ff9f8}: 'void java.lang.invoke.DirectMethodHandle$Holder.invokeSpecial(java.lang.Object, java.lang.Object, java.lang.Object, java.lang.Object, java.lang.Object, java.lang.Object)'> (0x000000069a3ff9f8) 
thrown [s\open\src\hotspot\share\interpreter\linkResolver.cpp, line 804]
Event: 19.266 Thread 0x0000017446fa5f40 Exception <a 'java/lang/NoSuchMethodError'{0x0000000699c2ab90}: 'java.lang.Object java.lang.invoke.Invokers$Holder.invokeExact_MT(java.lang.Object, java.lang.Object, java.lang.Object, java.lang.Object, java.lang.Object, java.lang.Object)'> (0x0000000699c2ab90) 
thrown [s\open\src\hotspot\share\interpreter\linkResolver.cpp, line 804]
Event: 19.651 Thread 0x0000017446fa5f40 Exception <a 'java/lang/NoSuchMethodError'{0x0000000699e591a8}: 'int java.lang.invoke.DirectMethodHandle$Holder.invokeSpecial(java.lang.Object, java.lang.Object, java.lang.Object, java.lang.Object, java.lang.Object)'> (0x0000000699e591a8) 
thrown [s\open\src\hotspot\share\interpreter\linkResolver.cpp, line 804]
Event: 19.657 Thread 0x0000017446fa5f40 Exception <a 'java/lang/IncompatibleClassChangeError'{0x0000000699e9bb40}: Found class java.lang.Object, but interface was expected> (0x0000000699e9bb40) 
thrown [s\open\src\hotspot\share\interpreter\linkResolver.cpp, line 871]
Event: 20.655 Thread 0x0000017446fa5f40 Exception <a 'java/lang/NoSuchMethodError'{0x0000000687663918}: 'java.lang.Object java.lang.invoke.DirectMethodHandle$Holder.invokeSpecialIFC(java.lang.Object, java.lang.Object, java.lang.Object)'> (0x0000000687663918) 
thrown [s\open\src\hotspot\share\interpreter\linkResolver.cpp, line 804]
Event: 20.732 Thread 0x0000017446fa5f40 Exception <a 'java/lang/NoSuchMethodError'{0x00000006877ca0b8}: 'java.lang.Object java.lang.invoke.DirectMethodHandle$Holder.invokeVirtual(java.lang.Object, java.lang.Object, java.lang.Object, java.lang.Object, java.lang.Object)'> (0x00000006877ca0b8) 
thrown [s\open\src\hotspot\share\interpreter\linkResolver.cpp, line 804]

VM Operations (20 events):
Event: 16.369 Executing non-safepoint VM operation: HandshakeAllThreads (Deoptimize)
Event: 16.369 Executing non-safepoint VM operation: HandshakeAllThreads (Deoptimize) done
Event: 16.371 Executing non-safepoint VM operation: HandshakeAllThreads (Deoptimize)
Event: 16.371 Executing non-safepoint VM operation: HandshakeAllThreads (Deoptimize) done
Event: 16.405 Executing non-safepoint VM operation: HandshakeAllThreads (Deoptimize)
Event: 16.406 Executing non-safepoint VM operation: HandshakeAllThreads (Deoptimize) done
Event: 16.602 Executing non-safepoint VM operation: HandshakeAllThreads (Deoptimize)
Event: 16.602 Executing non-safepoint VM operation: HandshakeAllThreads (Deoptimize) done
Event: 17.890 Executing non-safepoint VM operation: HandshakeAllThreads (Deoptimize)
Event: 17.890 Executing non-safepoint VM operation: HandshakeAllThreads (Deoptimize) done
Event: 17.896 Executing non-safepoint VM operation: HandshakeAllThreads (Deoptimize)
Event: 17.896 Executing non-safepoint VM operation: HandshakeAllThreads (Deoptimize) done
Event: 17.974 Executing safepoint VM operation: G1CollectForAllocation (G1 Evacuation Pause)
Event: 17.988 Executing safepoint VM operation: G1CollectForAllocation (G1 Evacuation Pause) done
Event: 18.186 Executing non-safepoint VM operation: HandshakeAllThreads (Deoptimize)
Event: 18.186 Executing non-safepoint VM operation: HandshakeAllThreads (Deoptimize) done
Event: 19.622 Executing non-safepoint VM operation: HandshakeAllThreads (Deoptimize)
Event: 19.622 Executing non-safepoint VM operation: HandshakeAllThreads (Deoptimize) done
Event: 20.189 Executing non-safepoint VM operation: HandshakeAllThreads (Deoptimize)
Event: 20.189 Executing non-safepoint VM operation: HandshakeAllThreads (Deoptimize) done

Memory protections (0 events):
No events

Nmethod flushes (0 events):
No events

Events (20 events):
Event: 9.834 Thread 0x0000017470a47010 Thread exited: 0x0000017470a47010
Event: 9.999 Thread 0x000001746abef050 Thread added: 0x000001746f272c20
Event: 10.236 Thread 0x000001746f272c20 Thread exited: 0x000001746f272c20
Event: 10.431 Thread 0x0000017470138010 Thread exited: 0x0000017470138010
Event: 10.474 Thread 0x000001746abef050 Thread added: 0x000001746f26f3b0
Event: 10.882 Thread 0x000001746f26f3b0 Thread exited: 0x000001746f26f3b0
Event: 11.969 Thread 0x000001746abef050 Thread added: 0x000001746f2703d0
Event: 12.227 Thread 0x000001746f2703d0 Thread exited: 0x000001746f2703d0
Event: 13.142 Thread 0x000001746abef050 Thread added: 0x000001746f2713f0
Event: 13.184 Thread 0x000001746abef050 Thread added: 0x000001746f2703d0
Event: 14.128 Thread 0x000001746f2703d0 Thread exited: 0x000001746f2703d0
Event: 14.478 Thread 0x000001746f2713f0 Thread exited: 0x000001746f2713f0
Event: 14.884 Thread 0x000001746abef050 Thread added: 0x000001746f2713f0
Event: 15.747 Thread 0x000001746f2713f0 Thread exited: 0x000001746f2713f0
Event: 16.263 Thread 0x000001746abef050 Thread added: 0x000001746f26f3b0
Event: 16.533 Thread 0x000001746f26f3b0 Thread exited: 0x000001746f26f3b0
Event: 18.861 Thread 0x000001746abef050 Thread added: 0x000001746f26fbc0
Event: 19.015 Thread 0x000001746f26fbc0 Thread exited: 0x000001746f26fbc0
Event: 20.736 Thread 0x000001746abef050 Thread added: 0x000001746f2713f0
Event: 21.099 Thread 0x000001746f2713f0 Thread exited: 0x000001746f2713f0


Dynamic libraries:
0x00007ff6f67d0000 - 0x00007ff6f67e0000 	C:\Program Files\Java\jdk-25.0.2\bin\java.exe
0x00007ffb2eaa0000 - 0x00007ffb2ed06000 	C:\WINDOWS\SYSTEM32\ntdll.dll
0x00007ffb2d720000 - 0x00007ffb2d7e9000 	C:\WINDOWS\System32\KERNEL32.DLL
0x00007ffb2c3c0000 - 0x00007ffb2c7bf000 	C:\WINDOWS\System32\KERNELBASE.dll
0x00007ffb2bfc0000 - 0x00007ffb2c10c000 	C:\WINDOWS\System32\ucrtbase.dll
0x00007ffb004f0000 - 0x00007ffb00507000 	C:\Program Files\Java\jdk-25.0.2\bin\jli.dll
0x00007ffb2d7f0000 - 0x00007ffb2d9b6000 	C:\WINDOWS\System32\USER32.dll
0x00007ffb2c1b0000 - 0x00007ffb2c1d7000 	C:\WINDOWS\System32\win32u.dll
0x00007ffb2dc00000 - 0x00007ffb2dc2b000 	C:\WINDOWS\System32\GDI32.dll
0x00007ffb2c290000 - 0x00007ffb2c3b9000 	C:\WINDOWS\System32\gdi32full.dll
0x00007ffb2c1e0000 - 0x00007ffb2c283000 	C:\WINDOWS\System32\msvcp_win.dll
0x00007ffb11220000 - 0x00007ffb1123e000 	C:\Program Files\Java\jdk-25.0.2\bin\VCRUNTIME140.dll
0x00007ffb10f40000 - 0x00007ffb111d1000 	C:\WINDOWS\WinSxS\amd64_microsoft.windows.common-controls_6595b64144ccf1df_6.0.26100.8972_none_3e0da176e32f9d4b\COMCTL32.dll
0x00007ffb2dc30000 - 0x00007ffb2dcd9000 	C:\WINDOWS\System32\msvcrt.dll
0x00007ffb2e260000 - 0x00007ffb2e292000 	C:\WINDOWS\System32\IMM32.DLL
0x00007ffb19910000 - 0x00007ffb1991c000 	C:\Program Files\Java\jdk-25.0.2\bin\vcruntime140_1.dll
0x00007ffae50b0000 - 0x00007ffae513d000 	C:\Program Files\Java\jdk-25.0.2\bin\msvcp140.dll
0x00007ffa750e0000 - 0x00007ffa75f3f000 	C:\Program Files\Java\jdk-25.0.2\bin\server\jvm.dll
0x00007ffb2da50000 - 0x00007ffb2db0c000 	C:\WINDOWS\System32\ADVAPI32.dll
0x00007ffb2e980000 - 0x00007ffb2ea2a000 	C:\WINDOWS\System32\sechost.dll
0x00007ffb2e2c0000 - 0x00007ffb2e3d8000 	C:\WINDOWS\System32\RPCRT4.dll
0x00007ffb2d690000 - 0x00007ffb2d712000 	C:\WINDOWS\System32\WS2_32.dll
0x00007ffb2bb10000 - 0x00007ffb2bb6e000 	C:\WINDOWS\SYSTEM32\POWRPROF.dll
0x00007ffb21280000 - 0x00007ffb212b6000 	C:\WINDOWS\SYSTEM32\WINMM.dll
0x00007ffb19130000 - 0x00007ffb1913b000 	C:\WINDOWS\SYSTEM32\VERSION.dll
0x00007ffb2baf0000 - 0x00007ffb2bb05000 	C:\WINDOWS\SYSTEM32\UMPDC.dll
0x00007ffb2a9a0000 - 0x00007ffb2a9bb000 	C:\WINDOWS\SYSTEM32\kernel.appcore.dll
0x00007ffb18c10000 - 0x00007ffb18c1a000 	C:\Program Files\Java\jdk-25.0.2\bin\jimage.dll
0x00007ffb29250000 - 0x00007ffb29492000 	C:\WINDOWS\SYSTEM32\DBGHELP.DLL
0x00007ffb2ddc0000 - 0x00007ffb2e145000 	C:\WINDOWS\System32\combase.dll
0x00007ffb2db20000 - 0x00007ffb2dbf9000 	C:\WINDOWS\System32\OLEAUT32.dll
0x00007ffb01d80000 - 0x00007ffb01dbb000 	C:\WINDOWS\SYSTEM32\dbgcore.DLL
0x00007ffb2be40000 - 0x00007ffb2beec000 	C:\WINDOWS\System32\bcryptPrimitives.dll
0x00007ffb0a6a0000 - 0x00007ffb0a6bf000 	C:\Program Files\Java\jdk-25.0.2\bin\java.dll
0x00007ffb2d4f0000 - 0x00007ffb2d689000 	C:\WINDOWS\System32\ole32.dll
0x00007ffb2ca50000 - 0x00007ffb2d1d8000 	C:\WINDOWS\System32\SHELL32.dll
0x00007ffb29730000 - 0x00007ffb29fcb000 	C:\WINDOWS\SYSTEM32\windows.storage.dll
0x00007ffb2e870000 - 0x00007ffb2e969000 	C:\WINDOWS\System32\SHCORE.dll
0x00007ffb2dd30000 - 0x00007ffb2dd96000 	C:\WINDOWS\System32\shlwapi.dll
0x00007ffb2bbd0000 - 0x00007ffb2bbf9000 	C:\WINDOWS\SYSTEM32\profapi.dll
0x00007ffb0a710000 - 0x00007ffb0a722000 	C:\Program Files\Java\jdk-25.0.2\bin\net.dll
0x00007ffb2af50000 - 0x00007ffb2afbc000 	C:\WINDOWS\system32\mswsock.dll
0x00007ffb0a6f0000 - 0x00007ffb0a706000 	C:\Program Files\Java\jdk-25.0.2\bin\nio.dll
0x00007ffb0a290000 - 0x00007ffb0a2a7000 	C:\Program Files\Java\jdk-25.0.2\bin\zip.dll
0x00007ffb00230000 - 0x00007ffb0023e000 	C:\Program Files\Java\jdk-25.0.2\bin\sunmscapi.dll
0x00007ffb2bcb0000 - 0x00007ffb2be2e000 	C:\WINDOWS\System32\CRYPT32.dll
0x00007ffb2b480000 - 0x00007ffb2b4b0000 	C:\WINDOWS\SYSTEM32\ncrypt.dll
0x00007ffb2b430000 - 0x00007ffb2b46f000 	C:\WINDOWS\SYSTEM32\NTASN1.dll

JVMTI agents: none

dbghelp: loaded successfully - version: 4.0.5 - missing functions: none
symbol engine: initialized successfully - sym options: 0x614 - pdb path: .;C:\Program Files\Java\jdk-25.0.2\bin;C:\WINDOWS\SYSTEM32;C:\WINDOWS\WinSxS\amd64_microsoft.windows.common-controls_6595b64144ccf1df_6.0.26100.8972_none_3e0da176e32f9d4b;C:\Program Files\Java\jdk-25.0.2\bin\server

VM Arguments:
java_command: carrito-service\build\libs\carrito-service-0.0.1-SNAPSHOT.jar
java_class_path (initial): carrito-service\build\libs\carrito-service-0.0.1-SNAPSHOT.jar
Launcher Type: SUN_STANDARD

[Global flags]
     intx CICompilerCount                          = 4                                         {product} {ergonomic}
     uint ConcGCThreads                            = 2                                         {product} {ergonomic}
     uint G1ConcRefinementThreads                  = 8                                         {product} {ergonomic}
   size_t G1HeapRegionSize                         = 4194304                                   {product} {ergonomic}
   size_t InitialHeapSize                          = 398458880                                 {product} {ergonomic}
   size_t MarkStackSize                            = 4194304                                   {product} {ergonomic}
   size_t MarkStackSizeMax                         = 536870912                                 {product} {ergonomic}
   size_t MaxHeapSize                              = 6362759168                                {product} {ergonomic}
   size_t MaxNewSize                               = 3816816640                                {product} {ergonomic}
   size_t MinHeapDeltaBytes                        = 4194304                                   {product} {ergonomic}
   size_t MinHeapSize                              = 8388608                                   {product} {ergonomic}
    uintx NonNMethodCodeHeapSize                   = 5832704                                {pd product} {ergonomic}
    uintx NonProfiledCodeHeapSize                  = 122945536                              {pd product} {ergonomic}
    uintx ProfiledCodeHeapSize                     = 122880000                              {pd product} {ergonomic}
    uintx ReservedCodeCacheSize                    = 251658240                              {pd product} {ergonomic}
     bool SegmentedCodeCache                       = true                                      {product} {ergonomic}
   size_t SoftMaxHeapSize                          = 6362759168                             {manageable} {ergonomic}
     bool UseCompressedOops                        = true                           {product lp64_product} {ergonomic}
     bool UseG1GC                                  = true                                      {product} {ergonomic}
     bool UseLargePagesIndividualAllocation        = false                                  {pd product} {ergonomic}

Logging:
Log output configuration:
 #0: stdout all=warning uptime,level,tags foldmultilines=false
 #1: stderr all=off uptime,level,tags foldmultilines=false

Release file:
IMPLEMENTOR="Oracle Corporation" 
JAVA_RUNTIME_VERSION="25.0.2+10-LTS-69" 
JAVA_VERSION="25.0.2" 
JAVA_VERSION_DATE="2026-01-20" 
LIBC="default" 
MODULES="java.base java.compiler java.datatransfer java.xml java.prefs java.desktop java.instrument java.logging java.management java.security.sasl java.naming java.rmi java.management.rmi java.net.http java.scripting java.security.jgss java.transaction.xa java.sql java.sql.rowset java.xml.crypto java.se java.smartcardio jdk.accessibility jdk.internal.jvmstat jdk.attach jdk.charsets jdk.internal.opt jdk.zipfs jdk.compiler jdk.crypto.cryptoki jdk.crypto.ec jdk.crypto.mscapi jdk.dynalink jdk.internal.ed jdk.editpad jdk.internal.vm.ci jdk.graal.compiler jdk.graal.compiler.management jdk.hotspot.agent jdk.httpserver jdk.incubator.vector jdk.internal.le jdk.internal.md jdk.jartool jdk.javadoc jdk.jcmd jdk.management jdk.management.agent jdk.jconsole jdk.jdeps jdk.jdwp.agent jdk.jdi jdk.jfr jdk.jlink jdk.jpackage jdk.jshell jdk.jsobject jdk.jstatd jdk.localedata jdk.management.jfr jdk.naming.dns jdk.naming.rmi jdk.net jdk.nio.mapmode jdk.sctp jdk.security.auth jdk.security.jgss jdk.unsupported jdk.unsupported.desktop jdk.xml.dom" 
OS_ARCH="x86_64" 
OS_NAME="Windows" 
SOURCE=".:git:b75efb40c93a open:git:405a5699ebd0" 

Environment Variables:
JAVA_HOME=C:\Program Files\Java\jdk-25.0.2
PATH=C:\Python313\Scripts\;C:\Python313\;C:\Program Files\Java\jdk-25.0.2\bin;C:\Program Files\Common Files\Oracle\Java\javapath;C:\Program Files (x86)\Common Files\Oracle\Java\java8path;C:\Program Files (x86)\Common Files\Oracle\Java\javapath;C:\WINDOWS\system32;C:\WINDOWS;C:\WINDOWS\System32\Wbem;C:\WINDOWS\System32\WindowsPowerShell\v1.0\;C:\WINDOWS\System32\OpenSSH\;C:\Program Files\PuTTY\;C:\Program Files\dotnet\;C:\Program Files\Git\cmd;C:\Program Files\GitHub CLI\;C:\Program Files\nodejs\;C:\ProgramData\chocolatey\bin;C:\Program Files\Vagrant\bin;C:\Program Files\Amazon\AWSCLIV2\;C:\Program Files\Docker\Docker\resources\bin;c:\Users\Asus\AppData\Local\Programs\cursor\resources\app\codeBin;C:\Program Files\Java\jdk-25.0.2\bin;C:\Users\Asus\AppData\Local\Microsoft\WindowsApps;C:\Program Files\MySQL\MySQL Server 8.0\bin;C:\Apache\Maven\apache-maven-3.9.9\bin;;C:\Program Files\JetBrains\IntelliJ IDEA 2025.1\bin;;C:\Users\Asus\AppData\Local\Programs\Microsoft VS Code\bin;C:\Users\Asus\AppData\Roaming\npm;C:\Users\Asus\AppData\Local\Programs\mongosh\;C:\Users\Asus\AppData\Local\Programs\cursor\resources\app\bin
USERNAME=Asus
TERM=dumb
OS=Windows_NT
PROCESSOR_IDENTIFIER=Intel64 Family 6 Model 140 Stepping 1, GenuineIntel
TMP=C:\Users\Asus\AppData\Local\Temp
TEMP=C:\Users\Asus\AppData\Local\Temp




Compilation memory statistics disabled.

Periodic native trim disabled

---------------  S Y S T E M  ---------------

OS:
 Windows 11 , 64 bit Build 26100 (10.0.26100.9168)
OS uptime: 27 days 12:49 hours
Hyper-V role detected

CPU: total 8 (initial active 8) (4 cores per cpu, 2 threads per core) family 6 model 140 stepping 1 microcode 0xa6, cx8, cmov, fxsr, ht, mmx, 3dnowpref, sse, sse2, sse3, ssse3, sse4.1, sse4.2, popcnt, lzcnt, tsc, tscinvbit, avx, avx2, aes, erms, clmul, bmi1, bmi2, adx, avx512f, avx512dq, avx512cd, avx512bw, avx512vl, sha, fma, vzeroupper, avx512_vpopcntdq, avx512_vpclmulqdq, avx512_vaes, avx512_vnni, clflush, clflushopt, clwb, avx512_vbmi2, avx512_vbmi, hv, rdtscp, rdpid, fsrm, gfni, avx512_bitalg, f16c, cet_ibt, cet_ss, avx512_ifma
Processor Information for processor 0
  Max Mhz: 2419, Current Mhz: 2419, Mhz Limit: 2419
Processor Information for processor 1
  Max Mhz: 2419, Current Mhz: 2419, Mhz Limit: 2419
Processor Information for processor 2
  Max Mhz: 2419, Current Mhz: 2419, Mhz Limit: 2419
Processor Information for processor 3
  Max Mhz: 2419, Current Mhz: 2419, Mhz Limit: 2419
Processor Information for processor 4
  Max Mhz: 2419, Current Mhz: 2419, Mhz Limit: 2419
Processor Information for processor 5
  Max Mhz: 2419, Current Mhz: 2419, Mhz Limit: 2419
Processor Information for processor 6
  Max Mhz: 2419, Current Mhz: 2419, Mhz Limit: 2419
Processor Information for processor 7
  Max Mhz: 2419, Current Mhz: 1209, Mhz Limit: 2419

Memory: 4k page, system-wide physical 24270M (494M free)
TotalPageFile size 48540M (AvailPageFile size 3M)
current process WorkingSet (physical memory assigned to process): 187M, peak: 280M
current process commit charge ("private bytes"): 221M, peak: 526M

vm_info: Java HotSpot(TM) 64-Bit Server VM (25.0.2+10-LTS-69) for windows-amd64 JRE (25.0.2+10-LTS-69), built on 2025-12-18T11:36:35Z with MS VC++ 17.13 (VS2022)

END.
